PASS 4000 full-width/edge square checks, all methods, both alias modes
PASS 27 multi-pairing comparisons n=0..8, all methods
PASS exact final-exponent comparison, all methods
SAMPLE,square,0,0,repository-square,2.213000
SAMPLE,square,0,0,gaussian-scaled4,2.020750
SAMPLE,square,0,0,cubic-scaled2,2.126250
SAMPLE,square,0,0,fft4-scaled4,2.042750
SAMPLE,square,0,1,repository-square,2.258750
SAMPLE,square,0,1,gaussian-scaled4,2.103500
SAMPLE,square,0,1,cubic-scaled2,2.064000
SAMPLE,square,0,1,fft4-scaled4,2.069500
SAMPLE,square,0,2,repository-square,2.291000
SAMPLE,square,0,2,gaussian-scaled4,2.095000
SAMPLE,square,0,2,cubic-scaled2,2.077750
SAMPLE,square,0,2,fft4-scaled4,1.967250
SAMPLE,square,0,3,repository-square,2.226500
SAMPLE,square,0,3,gaussian-scaled4,2.139750
SAMPLE,square,0,3,cubic-scaled2,2.089250
SAMPLE,square,0,3,fft4-scaled4,1.992750
SAMPLE,square,0,4,repository-square,2.267500
SAMPLE,square,0,4,gaussian-scaled4,2.084000
SAMPLE,square,0,4,cubic-scaled2,2.122750
SAMPLE,square,0,4,fft4-scaled4,2.001500
SAMPLE,square,0,5,repository-square,2.230250
SAMPLE,square,0,5,gaussian-scaled4,2.096250
SAMPLE,square,0,5,cubic-scaled2,2.076500
SAMPLE,square,0,5,fft4-scaled4,2.016000
SAMPLE,square,0,6,repository-square,2.187750
SAMPLE,square,0,6,gaussian-scaled4,2.071500
SAMPLE,square,0,6,cubic-scaled2,2.110250
SAMPLE,square,0,6,fft4-scaled4,1.989500
SAMPLE,square,0,7,repository-square,2.264250
SAMPLE,square,0,7,gaussian-scaled4,2.089000
SAMPLE,square,0,7,cubic-scaled2,2.099250
SAMPLE,square,0,7,fft4-scaled4,2.002000
SAMPLE,square,0,8,repository-square,2.228500
SAMPLE,square,0,8,gaussian-scaled4,2.092500
SAMPLE,square,0,8,cubic-scaled2,2.084500
SAMPLE,square,0,8,fft4-scaled4,1.991000
SAMPLE,square,0,9,repository-square,2.189750
SAMPLE,square,0,9,gaussian-scaled4,2.056000
SAMPLE,square,0,9,cubic-scaled2,2.053250
SAMPLE,square,0,9,fft4-scaled4,1.970250
SAMPLE,square,0,10,repository-square,2.208500
SAMPLE,square,0,10,gaussian-scaled4,2.117000
SAMPLE,square,0,10,cubic-scaled2,2.101250
SAMPLE,square,0,10,fft4-scaled4,2.027000
SAMPLE,square,0,11,repository-square,2.216250
SAMPLE,square,0,11,gaussian-scaled4,2.055500
SAMPLE,square,0,11,cubic-scaled2,2.071750
SAMPLE,square,0,11,fft4-scaled4,1.980250
SAMPLE,square,0,12,repository-square,2.196750
SAMPLE,square,0,12,gaussian-scaled4,2.046000
SAMPLE,square,0,12,cubic-scaled2,2.095750
SAMPLE,square,0,12,fft4-scaled4,2.044250
SAMPLE,square,0,13,repository-square,2.244250
SAMPLE,square,0,13,gaussian-scaled4,2.083750
SAMPLE,square,0,13,cubic-scaled2,2.062750
SAMPLE,square,0,13,fft4-scaled4,2.027500
SAMPLE,square,0,14,repository-square,2.245750
SAMPLE,square,0,14,gaussian-scaled4,2.087250
SAMPLE,square,0,14,cubic-scaled2,2.103250
SAMPLE,square,0,14,fft4-scaled4,2.003750
SAMPLE,square,0,15,repository-square,2.282000
SAMPLE,square,0,15,gaussian-scaled4,2.110250
SAMPLE,square,0,15,cubic-scaled2,2.081250
SAMPLE,square,0,15,fft4-scaled4,2.005750
SAMPLE,square,0,16,repository-square,2.270000
SAMPLE,square,0,16,gaussian-scaled4,2.080750
SAMPLE,square,0,16,cubic-scaled2,2.102750
SAMPLE,square,0,16,fft4-scaled4,1.993000
SAMPLE,square,0,17,repository-square,2.207000
SAMPLE,square,0,17,gaussian-scaled4,2.106000
SAMPLE,square,0,17,cubic-scaled2,2.126750
SAMPLE,square,0,17,fft4-scaled4,1.982500
SAMPLE,square,0,18,repository-square,2.271500
SAMPLE,square,0,18,gaussian-scaled4,2.048750
SAMPLE,square,0,18,cubic-scaled2,2.092500
SAMPLE,square,0,18,fft4-scaled4,2.030250
SAMPLE,square,0,19,repository-square,2.225500
SAMPLE,square,0,19,gaussian-scaled4,2.054750
SAMPLE,square,0,19,cubic-scaled2,2.082000
SAMPLE,square,0,19,fft4-scaled4,2.019500
SAMPLE,square,0,20,repository-square,2.226000
SAMPLE,square,0,20,gaussian-scaled4,2.055750
SAMPLE,square,0,20,cubic-scaled2,2.104500
SAMPLE,square,0,20,fft4-scaled4,2.033000
SAMPLE,square,0,21,repository-square,2.213250
SAMPLE,square,0,21,gaussian-scaled4,2.058000
SAMPLE,square,0,21,cubic-scaled2,2.047250
SAMPLE,square,0,21,fft4-scaled4,2.002000
SAMPLE,square,0,22,repository-square,2.240750
SAMPLE,square,0,22,gaussian-scaled4,2.033000
SAMPLE,square,0,22,cubic-scaled2,2.160000
SAMPLE,square,0,22,fft4-scaled4,2.002250
SAMPLE,square,0,23,repository-square,2.227250
SAMPLE,square,0,23,gaussian-scaled4,2.087750
SAMPLE,square,0,23,cubic-scaled2,2.108500
SAMPLE,square,0,23,fft4-scaled4,2.026250
SAMPLE,square,0,24,repository-square,2.277000
SAMPLE,square,0,24,gaussian-scaled4,2.109000
SAMPLE,square,0,24,cubic-scaled2,2.081250
SAMPLE,square,0,24,fft4-scaled4,1.983500
SAMPLE,square,0,25,repository-square,2.224750
SAMPLE,square,0,25,gaussian-scaled4,2.065750
SAMPLE,square,0,25,cubic-scaled2,2.096000
SAMPLE,square,0,25,fft4-scaled4,2.038000
SAMPLE,square,0,26,repository-square,2.237250
SAMPLE,square,0,26,gaussian-scaled4,2.128000
SAMPLE,square,0,26,cubic-scaled2,2.060000
SAMPLE,square,0,26,fft4-scaled4,1.980750
SAMPLE,square,0,27,repository-square,2.261500
SAMPLE,square,0,27,gaussian-scaled4,2.131750
SAMPLE,square,0,27,cubic-scaled2,2.094250
SAMPLE,square,0,27,fft4-scaled4,2.039250
SAMPLE,square,0,28,repository-square,2.241750
SAMPLE,square,0,28,gaussian-scaled4,2.098750
SAMPLE,square,0,28,cubic-scaled2,2.118250
SAMPLE,square,0,28,fft4-scaled4,1.970500
SAMPLE,square,0,29,repository-square,2.223750
SAMPLE,square,0,29,gaussian-scaled4,2.098750
SAMPLE,square,0,29,cubic-scaled2,2.077000
SAMPLE,square,0,29,fft4-scaled4,1.993750
SAMPLE,square,0,30,repository-square,2.216000
SAMPLE,square,0,30,gaussian-scaled4,2.025000
SAMPLE,square,0,30,cubic-scaled2,2.112000
SAMPLE,square,0,30,fft4-scaled4,2.034000
BENCH square n=0 repository-square median=2.228 us min=2.188 max=2.291
BENCH square n=0 gaussian-scaled4 median=2.087 us min=2.021 max=2.140
BENCH square n=0 cubic-scaled2 median=2.094 us min=2.047 max=2.160
BENCH square n=0 fft4-scaled4 median=2.002 us min=1.967 max=2.070
SAMPLE,miller,1,0,repository-square,262.966667
SAMPLE,miller,1,0,gaussian-scaled4,255.500000
SAMPLE,miller,1,0,cubic-scaled2,256.100000
SAMPLE,miller,1,0,fft4-scaled4,247.333333
SAMPLE,miller,1,1,repository-square,264.266667
SAMPLE,miller,1,1,gaussian-scaled4,256.866667
SAMPLE,miller,1,1,cubic-scaled2,255.400000
SAMPLE,miller,1,1,fft4-scaled4,248.233333
SAMPLE,miller,1,2,repository-square,262.933333
SAMPLE,miller,1,2,gaussian-scaled4,250.466667
SAMPLE,miller,1,2,cubic-scaled2,249.466667
SAMPLE,miller,1,2,fft4-scaled4,254.600000
SAMPLE,miller,1,3,repository-square,263.033333
SAMPLE,miller,1,3,gaussian-scaled4,255.800000
SAMPLE,miller,1,3,cubic-scaled2,258.966667
SAMPLE,miller,1,3,fft4-scaled4,252.566667
SAMPLE,miller,1,4,repository-square,270.500000
SAMPLE,miller,1,4,gaussian-scaled4,256.733333
SAMPLE,miller,1,4,cubic-scaled2,259.733333
SAMPLE,miller,1,4,fft4-scaled4,255.266667
SAMPLE,miller,1,5,repository-square,273.700000
SAMPLE,miller,1,5,gaussian-scaled4,259.566667
SAMPLE,miller,1,5,cubic-scaled2,257.333333
SAMPLE,miller,1,5,fft4-scaled4,252.500000
SAMPLE,miller,1,6,repository-square,264.533333
SAMPLE,miller,1,6,gaussian-scaled4,250.833333
SAMPLE,miller,1,6,cubic-scaled2,258.266667
SAMPLE,miller,1,6,fft4-scaled4,247.400000
SAMPLE,miller,1,7,repository-square,265.166667
SAMPLE,miller,1,7,gaussian-scaled4,252.866667
SAMPLE,miller,1,7,cubic-scaled2,256.366667
SAMPLE,miller,1,7,fft4-scaled4,252.266667
SAMPLE,miller,1,8,repository-square,268.566667
SAMPLE,miller,1,8,gaussian-scaled4,258.333333
SAMPLE,miller,1,8,cubic-scaled2,257.800000
SAMPLE,miller,1,8,fft4-scaled4,248.466667
SAMPLE,miller,1,9,repository-square,266.933333
SAMPLE,miller,1,9,gaussian-scaled4,256.033333
SAMPLE,miller,1,9,cubic-scaled2,252.600000
SAMPLE,miller,1,9,fft4-scaled4,248.100000
SAMPLE,miller,1,10,repository-square,262.733333
SAMPLE,miller,1,10,gaussian-scaled4,260.133333
SAMPLE,miller,1,10,cubic-scaled2,260.966667
SAMPLE,miller,1,10,fft4-scaled4,249.733333
SAMPLE,miller,1,11,repository-square,269.566667
SAMPLE,miller,1,11,gaussian-scaled4,256.733333
SAMPLE,miller,1,11,cubic-scaled2,254.733333
SAMPLE,miller,1,11,fft4-scaled4,252.900000
SAMPLE,miller,1,12,repository-square,260.766667
SAMPLE,miller,1,12,gaussian-scaled4,258.766667
SAMPLE,miller,1,12,cubic-scaled2,258.966667
SAMPLE,miller,1,12,fft4-scaled4,248.300000
SAMPLE,miller,1,13,repository-square,262.733333
SAMPLE,miller,1,13,gaussian-scaled4,258.033333
SAMPLE,miller,1,13,cubic-scaled2,259.266667
SAMPLE,miller,1,13,fft4-scaled4,248.633333
SAMPLE,miller,1,14,repository-square,270.300000
SAMPLE,miller,1,14,gaussian-scaled4,254.133333
SAMPLE,miller,1,14,cubic-scaled2,252.833333
SAMPLE,miller,1,14,fft4-scaled4,255.133333
SAMPLE,miller,1,15,repository-square,287.933333
SAMPLE,miller,1,15,gaussian-scaled4,270.333333
SAMPLE,miller,1,15,cubic-scaled2,262.566667
SAMPLE,miller,1,15,fft4-scaled4,244.066667
SAMPLE,miller,1,16,repository-square,260.900000
SAMPLE,miller,1,16,gaussian-scaled4,249.266667
SAMPLE,miller,1,16,cubic-scaled2,255.000000
SAMPLE,miller,1,16,fft4-scaled4,262.366667
SAMPLE,miller,1,17,repository-square,267.000000
SAMPLE,miller,1,17,gaussian-scaled4,264.600000
SAMPLE,miller,1,17,cubic-scaled2,255.900000
SAMPLE,miller,1,17,fft4-scaled4,249.000000
SAMPLE,miller,1,18,repository-square,265.966667
SAMPLE,miller,1,18,gaussian-scaled4,250.066667
SAMPLE,miller,1,18,cubic-scaled2,255.766667
SAMPLE,miller,1,18,fft4-scaled4,251.266667
SAMPLE,miller,1,19,repository-square,260.833333
SAMPLE,miller,1,19,gaussian-scaled4,250.100000
SAMPLE,miller,1,19,cubic-scaled2,255.266667
SAMPLE,miller,1,19,fft4-scaled4,250.233333
SAMPLE,miller,1,20,repository-square,271.933333
SAMPLE,miller,1,20,gaussian-scaled4,265.500000
SAMPLE,miller,1,20,cubic-scaled2,258.300000
SAMPLE,miller,1,20,fft4-scaled4,247.633333
SAMPLE,miller,1,21,repository-square,267.100000
SAMPLE,miller,1,21,gaussian-scaled4,257.100000
SAMPLE,miller,1,21,cubic-scaled2,252.833333
SAMPLE,miller,1,21,fft4-scaled4,253.800000
SAMPLE,miller,1,22,repository-square,259.966667
SAMPLE,miller,1,22,gaussian-scaled4,257.533333
SAMPLE,miller,1,22,cubic-scaled2,252.200000
SAMPLE,miller,1,22,fft4-scaled4,249.266667
SAMPLE,miller,1,23,repository-square,267.233333
SAMPLE,miller,1,23,gaussian-scaled4,254.400000
SAMPLE,miller,1,23,cubic-scaled2,254.866667
SAMPLE,miller,1,23,fft4-scaled4,253.433333
SAMPLE,miller,1,24,repository-square,258.266667
SAMPLE,miller,1,24,gaussian-scaled4,264.866667
SAMPLE,miller,1,24,cubic-scaled2,258.300000
SAMPLE,miller,1,24,fft4-scaled4,250.266667
SAMPLE,miller,1,25,repository-square,270.466667
SAMPLE,miller,1,25,gaussian-scaled4,252.866667
SAMPLE,miller,1,25,cubic-scaled2,253.000000
SAMPLE,miller,1,25,fft4-scaled4,252.033333
SAMPLE,miller,1,26,repository-square,265.900000
SAMPLE,miller,1,26,gaussian-scaled4,254.933333
SAMPLE,miller,1,26,cubic-scaled2,252.700000
SAMPLE,miller,1,26,fft4-scaled4,247.500000
SAMPLE,miller,1,27,repository-square,262.366667
SAMPLE,miller,1,27,gaussian-scaled4,261.666667
SAMPLE,miller,1,27,cubic-scaled2,258.433333
SAMPLE,miller,1,27,fft4-scaled4,255.533333
SAMPLE,miller,1,28,repository-square,267.833333
SAMPLE,miller,1,28,gaussian-scaled4,247.600000
SAMPLE,miller,1,28,cubic-scaled2,257.733333
SAMPLE,miller,1,28,fft4-scaled4,249.600000
SAMPLE,miller,1,29,repository-square,265.433333
SAMPLE,miller,1,29,gaussian-scaled4,255.066667
SAMPLE,miller,1,29,cubic-scaled2,254.133333
SAMPLE,miller,1,29,fft4-scaled4,253.933333
SAMPLE,miller,1,30,repository-square,264.866667
SAMPLE,miller,1,30,gaussian-scaled4,255.733333
SAMPLE,miller,1,30,cubic-scaled2,252.100000
SAMPLE,miller,1,30,fft4-scaled4,258.866667
BENCH miller n=1 repository-square median=265.433 us min=258.267 max=287.933
BENCH miller n=1 gaussian-scaled4 median=256.033 us min=247.600 max=270.333
BENCH miller n=1 cubic-scaled2 median=255.900 us min=249.467 max=262.567
BENCH miller n=1 fft4-scaled4 median=250.267 us min=244.067 max=262.367
SAMPLE,miller+final,1,0,repository-square,721.566667
SAMPLE,miller+final,1,0,gaussian-scaled4,713.600000
SAMPLE,miller+final,1,0,cubic-scaled2,716.466667
SAMPLE,miller+final,1,0,fft4-scaled4,709.466667
SAMPLE,miller+final,1,1,repository-square,718.033333
SAMPLE,miller+final,1,1,gaussian-scaled4,717.300000
SAMPLE,miller+final,1,1,cubic-scaled2,718.166667
SAMPLE,miller+final,1,1,fft4-scaled4,707.900000
SAMPLE,miller+final,1,2,repository-square,722.333333
SAMPLE,miller+final,1,2,gaussian-scaled4,712.000000
SAMPLE,miller+final,1,2,cubic-scaled2,718.200000
SAMPLE,miller+final,1,2,fft4-scaled4,710.266667
SAMPLE,miller+final,1,3,repository-square,722.966667
SAMPLE,miller+final,1,3,gaussian-scaled4,709.166667
SAMPLE,miller+final,1,3,cubic-scaled2,711.966667
SAMPLE,miller+final,1,3,fft4-scaled4,706.500000
SAMPLE,miller+final,1,4,repository-square,723.300000
SAMPLE,miller+final,1,4,gaussian-scaled4,713.466667
SAMPLE,miller+final,1,4,cubic-scaled2,711.766667
SAMPLE,miller+final,1,4,fft4-scaled4,703.066667
SAMPLE,miller+final,1,5,repository-square,728.300000
SAMPLE,miller+final,1,5,gaussian-scaled4,713.266667
SAMPLE,miller+final,1,5,cubic-scaled2,714.066667
SAMPLE,miller+final,1,5,fft4-scaled4,713.700000
SAMPLE,miller+final,1,6,repository-square,719.066667
SAMPLE,miller+final,1,6,gaussian-scaled4,726.766667
SAMPLE,miller+final,1,6,cubic-scaled2,710.600000
SAMPLE,miller+final,1,6,fft4-scaled4,712.366667
SAMPLE,miller+final,1,7,repository-square,723.666667
SAMPLE,miller+final,1,7,gaussian-scaled4,718.666667
SAMPLE,miller+final,1,7,cubic-scaled2,708.333333
SAMPLE,miller+final,1,7,fft4-scaled4,710.066667
SAMPLE,miller+final,1,8,repository-square,729.166667
SAMPLE,miller+final,1,8,gaussian-scaled4,714.733333
SAMPLE,miller+final,1,8,cubic-scaled2,716.233333
SAMPLE,miller+final,1,8,fft4-scaled4,700.566667
SAMPLE,miller+final,1,9,repository-square,724.433333
SAMPLE,miller+final,1,9,gaussian-scaled4,722.000000
SAMPLE,miller+final,1,9,cubic-scaled2,708.300000
SAMPLE,miller+final,1,9,fft4-scaled4,713.200000
SAMPLE,miller+final,1,10,repository-square,734.900000
SAMPLE,miller+final,1,10,gaussian-scaled4,707.700000
SAMPLE,miller+final,1,10,cubic-scaled2,713.566667
SAMPLE,miller+final,1,10,fft4-scaled4,703.966667
SAMPLE,miller+final,1,11,repository-square,720.966667
SAMPLE,miller+final,1,11,gaussian-scaled4,724.000000
SAMPLE,miller+final,1,11,cubic-scaled2,706.233333
SAMPLE,miller+final,1,11,fft4-scaled4,712.700000
SAMPLE,miller+final,1,12,repository-square,730.700000
SAMPLE,miller+final,1,12,gaussian-scaled4,717.866667
SAMPLE,miller+final,1,12,cubic-scaled2,722.866667
SAMPLE,miller+final,1,12,fft4-scaled4,716.333333
SAMPLE,miller+final,1,13,repository-square,720.366667
SAMPLE,miller+final,1,13,gaussian-scaled4,712.066667
SAMPLE,miller+final,1,13,cubic-scaled2,715.633333
SAMPLE,miller+final,1,13,fft4-scaled4,715.366667
SAMPLE,miller+final,1,14,repository-square,730.533333
SAMPLE,miller+final,1,14,gaussian-scaled4,705.066667
SAMPLE,miller+final,1,14,cubic-scaled2,724.066667
SAMPLE,miller+final,1,14,fft4-scaled4,710.266667
SAMPLE,miller+final,1,15,repository-square,729.700000
SAMPLE,miller+final,1,15,gaussian-scaled4,707.533333
SAMPLE,miller+final,1,15,cubic-scaled2,707.333333
SAMPLE,miller+final,1,15,fft4-scaled4,709.666667
SAMPLE,miller+final,1,16,repository-square,722.733333
SAMPLE,miller+final,1,16,gaussian-scaled4,723.400000
SAMPLE,miller+final,1,16,cubic-scaled2,714.466667
SAMPLE,miller+final,1,16,fft4-scaled4,709.966667
SAMPLE,miller+final,1,17,repository-square,731.633333
SAMPLE,miller+final,1,17,gaussian-scaled4,716.366667
SAMPLE,miller+final,1,17,cubic-scaled2,717.866667
SAMPLE,miller+final,1,17,fft4-scaled4,715.600000
SAMPLE,miller+final,1,18,repository-square,728.866667
SAMPLE,miller+final,1,18,gaussian-scaled4,717.833333
SAMPLE,miller+final,1,18,cubic-scaled2,733.900000
SAMPLE,miller+final,1,18,fft4-scaled4,715.500000
SAMPLE,miller+final,1,19,repository-square,731.366667
SAMPLE,miller+final,1,19,gaussian-scaled4,713.233333
SAMPLE,miller+final,1,19,cubic-scaled2,749.800000
SAMPLE,miller+final,1,19,fft4-scaled4,714.733333
SAMPLE,miller+final,1,20,repository-square,721.133333
SAMPLE,miller+final,1,20,gaussian-scaled4,726.633333
SAMPLE,miller+final,1,20,cubic-scaled2,724.100000
SAMPLE,miller+final,1,20,fft4-scaled4,707.966667
SAMPLE,miller+final,1,21,repository-square,728.966667
SAMPLE,miller+final,1,21,gaussian-scaled4,714.800000
SAMPLE,miller+final,1,21,cubic-scaled2,719.133333
SAMPLE,miller+final,1,21,fft4-scaled4,708.000000
SAMPLE,miller+final,1,22,repository-square,731.533333
SAMPLE,miller+final,1,22,gaussian-scaled4,707.066667
SAMPLE,miller+final,1,22,cubic-scaled2,715.833333
SAMPLE,miller+final,1,22,fft4-scaled4,703.400000
SAMPLE,miller+final,1,23,repository-square,715.533333
SAMPLE,miller+final,1,23,gaussian-scaled4,711.433333
SAMPLE,miller+final,1,23,cubic-scaled2,709.900000
SAMPLE,miller+final,1,23,fft4-scaled4,718.533333
SAMPLE,miller+final,1,24,repository-square,723.466667
SAMPLE,miller+final,1,24,gaussian-scaled4,715.366667
SAMPLE,miller+final,1,24,cubic-scaled2,716.700000
SAMPLE,miller+final,1,24,fft4-scaled4,724.066667
SAMPLE,miller+final,1,25,repository-square,728.133333
SAMPLE,miller+final,1,25,gaussian-scaled4,708.200000
SAMPLE,miller+final,1,25,cubic-scaled2,717.733333
SAMPLE,miller+final,1,25,fft4-scaled4,708.566667
SAMPLE,miller+final,1,26,repository-square,729.466667
SAMPLE,miller+final,1,26,gaussian-scaled4,725.366667
SAMPLE,miller+final,1,26,cubic-scaled2,718.533333
SAMPLE,miller+final,1,26,fft4-scaled4,710.833333
SAMPLE,miller+final,1,27,repository-square,721.266667
SAMPLE,miller+final,1,27,gaussian-scaled4,726.166667
SAMPLE,miller+final,1,27,cubic-scaled2,726.700000
SAMPLE,miller+final,1,27,fft4-scaled4,710.966667
SAMPLE,miller+final,1,28,repository-square,743.466667
SAMPLE,miller+final,1,28,gaussian-scaled4,718.233333
SAMPLE,miller+final,1,28,cubic-scaled2,714.366667
SAMPLE,miller+final,1,28,fft4-scaled4,717.666667
SAMPLE,miller+final,1,29,repository-square,727.533333
SAMPLE,miller+final,1,29,gaussian-scaled4,717.800000
SAMPLE,miller+final,1,29,cubic-scaled2,709.500000
SAMPLE,miller+final,1,29,fft4-scaled4,732.333333
SAMPLE,miller+final,1,30,repository-square,723.100000
SAMPLE,miller+final,1,30,gaussian-scaled4,713.433333
SAMPLE,miller+final,1,30,cubic-scaled2,717.066667
SAMPLE,miller+final,1,30,fft4-scaled4,720.066667
BENCH miller+final n=1 repository-square median=724.433 us min=715.533 max=743.467
BENCH miller+final n=1 gaussian-scaled4 median=714.800 us min=705.067 max=726.767
BENCH miller+final n=1 cubic-scaled2 median=716.233 us min=706.233 max=749.800
BENCH miller+final n=1 fft4-scaled4 median=710.833 us min=700.567 max=732.333
SAMPLE,miller,2,0,repository-square,388.400000
SAMPLE,miller,2,0,gaussian-scaled4,385.233333
SAMPLE,miller,2,0,cubic-scaled2,384.933333
SAMPLE,miller,2,0,fft4-scaled4,375.200000
SAMPLE,miller,2,1,repository-square,379.333333
SAMPLE,miller,2,1,gaussian-scaled4,376.300000
SAMPLE,miller,2,1,cubic-scaled2,375.766667
SAMPLE,miller,2,1,fft4-scaled4,378.133333
SAMPLE,miller,2,2,repository-square,384.100000
SAMPLE,miller,2,2,gaussian-scaled4,373.700000
SAMPLE,miller,2,2,cubic-scaled2,378.566667
SAMPLE,miller,2,2,fft4-scaled4,379.366667
SAMPLE,miller,2,3,repository-square,383.666667
SAMPLE,miller,2,3,gaussian-scaled4,379.600000
SAMPLE,miller,2,3,cubic-scaled2,374.400000
SAMPLE,miller,2,3,fft4-scaled4,370.733333
SAMPLE,miller,2,4,repository-square,390.400000
SAMPLE,miller,2,4,gaussian-scaled4,377.600000
SAMPLE,miller,2,4,cubic-scaled2,374.133333
SAMPLE,miller,2,4,fft4-scaled4,371.733333
SAMPLE,miller,2,5,repository-square,398.000000
SAMPLE,miller,2,5,gaussian-scaled4,374.566667
SAMPLE,miller,2,5,cubic-scaled2,371.866667
SAMPLE,miller,2,5,fft4-scaled4,376.233333
SAMPLE,miller,2,6,repository-square,392.966667
SAMPLE,miller,2,6,gaussian-scaled4,380.833333
SAMPLE,miller,2,6,cubic-scaled2,374.000000
SAMPLE,miller,2,6,fft4-scaled4,377.666667
SAMPLE,miller,2,7,repository-square,397.666667
SAMPLE,miller,2,7,gaussian-scaled4,379.366667
SAMPLE,miller,2,7,cubic-scaled2,398.666667
SAMPLE,miller,2,7,fft4-scaled4,373.166667
SAMPLE,miller,2,8,repository-square,444.966667
SAMPLE,miller,2,8,gaussian-scaled4,389.200000
SAMPLE,miller,2,8,cubic-scaled2,381.500000
SAMPLE,miller,2,8,fft4-scaled4,398.900000
SAMPLE,miller,2,9,repository-square,394.900000
SAMPLE,miller,2,9,gaussian-scaled4,399.166667
SAMPLE,miller,2,9,cubic-scaled2,386.466667
SAMPLE,miller,2,9,fft4-scaled4,383.166667
SAMPLE,miller,2,10,repository-square,411.833333
SAMPLE,miller,2,10,gaussian-scaled4,399.533333
SAMPLE,miller,2,10,cubic-scaled2,414.666667
SAMPLE,miller,2,10,fft4-scaled4,400.500000
SAMPLE,miller,2,11,repository-square,394.200000
SAMPLE,miller,2,11,gaussian-scaled4,408.133333
SAMPLE,miller,2,11,cubic-scaled2,398.133333
SAMPLE,miller,2,11,fft4-scaled4,410.566667
SAMPLE,miller,2,12,repository-square,411.166667
SAMPLE,miller,2,12,gaussian-scaled4,385.266667
SAMPLE,miller,2,12,cubic-scaled2,397.100000
SAMPLE,miller,2,12,fft4-scaled4,378.333333
SAMPLE,miller,2,13,repository-square,513.566667
SAMPLE,miller,2,13,gaussian-scaled4,399.900000
SAMPLE,miller,2,13,cubic-scaled2,386.433333
SAMPLE,miller,2,13,fft4-scaled4,374.933333
SAMPLE,miller,2,14,repository-square,428.933333
SAMPLE,miller,2,14,gaussian-scaled4,398.133333
SAMPLE,miller,2,14,cubic-scaled2,400.566667
SAMPLE,miller,2,14,fft4-scaled4,405.433333
SAMPLE,miller,2,15,repository-square,408.000000
SAMPLE,miller,2,15,gaussian-scaled4,392.266667
SAMPLE,miller,2,15,cubic-scaled2,385.333333
SAMPLE,miller,2,15,fft4-scaled4,391.633333
SAMPLE,miller,2,16,repository-square,400.066667
SAMPLE,miller,2,16,gaussian-scaled4,385.933333
SAMPLE,miller,2,16,cubic-scaled2,398.500000
SAMPLE,miller,2,16,fft4-scaled4,382.266667
SAMPLE,miller,2,17,repository-square,395.066667
SAMPLE,miller,2,17,gaussian-scaled4,375.500000
SAMPLE,miller,2,17,cubic-scaled2,384.133333
SAMPLE,miller,2,17,fft4-scaled4,377.533333
SAMPLE,miller,2,18,repository-square,414.400000
SAMPLE,miller,2,18,gaussian-scaled4,397.700000
SAMPLE,miller,2,18,cubic-scaled2,398.133333
SAMPLE,miller,2,18,fft4-scaled4,386.766667
SAMPLE,miller,2,19,repository-square,403.766667
SAMPLE,miller,2,19,gaussian-scaled4,395.833333
SAMPLE,miller,2,19,cubic-scaled2,375.866667
SAMPLE,miller,2,19,fft4-scaled4,396.766667
SAMPLE,miller,2,20,repository-square,395.933333
SAMPLE,miller,2,20,gaussian-scaled4,398.700000
SAMPLE,miller,2,20,cubic-scaled2,391.833333
SAMPLE,miller,2,20,fft4-scaled4,385.433333
SAMPLE,miller,2,21,repository-square,394.533333
SAMPLE,miller,2,21,gaussian-scaled4,389.233333
SAMPLE,miller,2,21,cubic-scaled2,391.400000
SAMPLE,miller,2,21,fft4-scaled4,391.766667
SAMPLE,miller,2,22,repository-square,392.966667
SAMPLE,miller,2,22,gaussian-scaled4,381.000000
SAMPLE,miller,2,22,cubic-scaled2,378.533333
SAMPLE,miller,2,22,fft4-scaled4,397.933333
SAMPLE,miller,2,23,repository-square,415.466667
SAMPLE,miller,2,23,gaussian-scaled4,398.600000
SAMPLE,miller,2,23,cubic-scaled2,406.566667
SAMPLE,miller,2,23,fft4-scaled4,394.966667
SAMPLE,miller,2,24,repository-square,392.466667
SAMPLE,miller,2,24,gaussian-scaled4,392.266667
SAMPLE,miller,2,24,cubic-scaled2,391.966667
SAMPLE,miller,2,24,fft4-scaled4,387.200000
SAMPLE,miller,2,25,repository-square,399.200000
SAMPLE,miller,2,25,gaussian-scaled4,380.966667
SAMPLE,miller,2,25,cubic-scaled2,394.033333
SAMPLE,miller,2,25,fft4-scaled4,379.833333
SAMPLE,miller,2,26,repository-square,390.533333
SAMPLE,miller,2,26,gaussian-scaled4,379.633333
SAMPLE,miller,2,26,cubic-scaled2,383.800000
SAMPLE,miller,2,26,fft4-scaled4,390.300000
SAMPLE,miller,2,27,repository-square,386.766667
SAMPLE,miller,2,27,gaussian-scaled4,388.900000
SAMPLE,miller,2,27,cubic-scaled2,389.700000
SAMPLE,miller,2,27,fft4-scaled4,394.900000
SAMPLE,miller,2,28,repository-square,392.566667
SAMPLE,miller,2,28,gaussian-scaled4,397.166667
SAMPLE,miller,2,28,cubic-scaled2,387.466667
SAMPLE,miller,2,28,fft4-scaled4,380.766667
SAMPLE,miller,2,29,repository-square,394.700000
SAMPLE,miller,2,29,gaussian-scaled4,398.400000
SAMPLE,miller,2,29,cubic-scaled2,396.966667
SAMPLE,miller,2,29,fft4-scaled4,382.066667
SAMPLE,miller,2,30,repository-square,406.266667
SAMPLE,miller,2,30,gaussian-scaled4,385.633333
SAMPLE,miller,2,30,cubic-scaled2,389.700000
SAMPLE,miller,2,30,fft4-scaled4,378.166667
BENCH miller n=2 repository-square median=395.067 us min=379.333 max=513.567
BENCH miller n=2 gaussian-scaled4 median=388.900 us min=373.700 max=408.133
BENCH miller n=2 cubic-scaled2 median=387.467 us min=371.867 max=414.667
BENCH miller n=2 fft4-scaled4 median=382.267 us min=370.733 max=410.567
SAMPLE,miller+final,2,0,repository-square,861.966667
SAMPLE,miller+final,2,0,gaussian-scaled4,851.500000
SAMPLE,miller+final,2,0,cubic-scaled2,852.533333
SAMPLE,miller+final,2,0,fft4-scaled4,851.666667
SAMPLE,miller+final,2,1,repository-square,872.633333
SAMPLE,miller+final,2,1,gaussian-scaled4,849.400000
SAMPLE,miller+final,2,1,cubic-scaled2,852.200000
SAMPLE,miller+final,2,1,fft4-scaled4,847.900000
SAMPLE,miller+final,2,2,repository-square,875.633333
SAMPLE,miller+final,2,2,gaussian-scaled4,848.366667
SAMPLE,miller+final,2,2,cubic-scaled2,863.866667
SAMPLE,miller+final,2,2,fft4-scaled4,851.133333
SAMPLE,miller+final,2,3,repository-square,869.833333
SAMPLE,miller+final,2,3,gaussian-scaled4,872.733333
SAMPLE,miller+final,2,3,cubic-scaled2,859.933333
SAMPLE,miller+final,2,3,fft4-scaled4,844.933333
SAMPLE,miller+final,2,4,repository-square,881.600000
SAMPLE,miller+final,2,4,gaussian-scaled4,858.100000
SAMPLE,miller+final,2,4,cubic-scaled2,865.100000
SAMPLE,miller+final,2,4,fft4-scaled4,856.233333
SAMPLE,miller+final,2,5,repository-square,876.466667
SAMPLE,miller+final,2,5,gaussian-scaled4,867.000000
SAMPLE,miller+final,2,5,cubic-scaled2,869.233333
SAMPLE,miller+final,2,5,fft4-scaled4,860.233333
SAMPLE,miller+final,2,6,repository-square,887.500000
SAMPLE,miller+final,2,6,gaussian-scaled4,891.300000
SAMPLE,miller+final,2,6,cubic-scaled2,852.633333
SAMPLE,miller+final,2,6,fft4-scaled4,866.433333
SAMPLE,miller+final,2,7,repository-square,870.166667
SAMPLE,miller+final,2,7,gaussian-scaled4,865.933333
SAMPLE,miller+final,2,7,cubic-scaled2,861.933333
SAMPLE,miller+final,2,7,fft4-scaled4,865.800000
SAMPLE,miller+final,2,8,repository-square,865.600000
SAMPLE,miller+final,2,8,gaussian-scaled4,879.966667
SAMPLE,miller+final,2,8,cubic-scaled2,873.733333
SAMPLE,miller+final,2,8,fft4-scaled4,839.966667
SAMPLE,miller+final,2,9,repository-square,862.466667
SAMPLE,miller+final,2,9,gaussian-scaled4,865.233333
SAMPLE,miller+final,2,9,cubic-scaled2,877.433333
SAMPLE,miller+final,2,9,fft4-scaled4,868.433333
SAMPLE,miller+final,2,10,repository-square,878.000000
SAMPLE,miller+final,2,10,gaussian-scaled4,879.100000
SAMPLE,miller+final,2,10,cubic-scaled2,888.400000
SAMPLE,miller+final,2,10,fft4-scaled4,870.433333
SAMPLE,miller+final,2,11,repository-square,872.733333
SAMPLE,miller+final,2,11,gaussian-scaled4,876.200000
SAMPLE,miller+final,2,11,cubic-scaled2,864.233333
SAMPLE,miller+final,2,11,fft4-scaled4,852.500000
SAMPLE,miller+final,2,12,repository-square,878.066667
SAMPLE,miller+final,2,12,gaussian-scaled4,850.100000
SAMPLE,miller+final,2,12,cubic-scaled2,855.433333
SAMPLE,miller+final,2,12,fft4-scaled4,851.466667
SAMPLE,miller+final,2,13,repository-square,882.166667
SAMPLE,miller+final,2,13,gaussian-scaled4,872.400000
SAMPLE,miller+final,2,13,cubic-scaled2,876.333333
SAMPLE,miller+final,2,13,fft4-scaled4,847.900000
SAMPLE,miller+final,2,14,repository-square,870.933333
SAMPLE,miller+final,2,14,gaussian-scaled4,856.833333
SAMPLE,miller+final,2,14,cubic-scaled2,839.333333
SAMPLE,miller+final,2,14,fft4-scaled4,851.566667
SAMPLE,miller+final,2,15,repository-square,873.033333
SAMPLE,miller+final,2,15,gaussian-scaled4,846.566667
SAMPLE,miller+final,2,15,cubic-scaled2,860.500000
SAMPLE,miller+final,2,15,fft4-scaled4,849.566667
SAMPLE,miller+final,2,16,repository-square,855.766667
SAMPLE,miller+final,2,16,gaussian-scaled4,858.066667
SAMPLE,miller+final,2,16,cubic-scaled2,848.666667
SAMPLE,miller+final,2,16,fft4-scaled4,844.500000
SAMPLE,miller+final,2,17,repository-square,863.633333
SAMPLE,miller+final,2,17,gaussian-scaled4,848.200000
SAMPLE,miller+final,2,17,cubic-scaled2,855.466667
SAMPLE,miller+final,2,17,fft4-scaled4,832.100000
SAMPLE,miller+final,2,18,repository-square,856.966667
SAMPLE,miller+final,2,18,gaussian-scaled4,834.066667
SAMPLE,miller+final,2,18,cubic-scaled2,857.833333
SAMPLE,miller+final,2,18,fft4-scaled4,857.766667
SAMPLE,miller+final,2,19,repository-square,855.000000
SAMPLE,miller+final,2,19,gaussian-scaled4,845.166667
SAMPLE,miller+final,2,19,cubic-scaled2,855.933333
SAMPLE,miller+final,2,19,fft4-scaled4,841.500000
SAMPLE,miller+final,2,20,repository-square,854.000000
SAMPLE,miller+final,2,20,gaussian-scaled4,878.500000
SAMPLE,miller+final,2,20,cubic-scaled2,886.266667
SAMPLE,miller+final,2,20,fft4-scaled4,877.366667
SAMPLE,miller+final,2,21,repository-square,885.933333
SAMPLE,miller+final,2,21,gaussian-scaled4,905.433333
SAMPLE,miller+final,2,21,cubic-scaled2,884.666667
SAMPLE,miller+final,2,21,fft4-scaled4,881.833333
SAMPLE,miller+final,2,22,repository-square,979.300000
SAMPLE,miller+final,2,22,gaussian-scaled4,1022.400000
SAMPLE,miller+final,2,22,cubic-scaled2,886.333333
SAMPLE,miller+final,2,22,fft4-scaled4,880.833333
SAMPLE,miller+final,2,23,repository-square,919.566667
SAMPLE,miller+final,2,23,gaussian-scaled4,1071.266667
SAMPLE,miller+final,2,23,cubic-scaled2,936.400000
SAMPLE,miller+final,2,23,fft4-scaled4,929.833333
SAMPLE,miller+final,2,24,repository-square,974.633333
SAMPLE,miller+final,2,24,gaussian-scaled4,871.333333
SAMPLE,miller+final,2,24,cubic-scaled2,932.366667
SAMPLE,miller+final,2,24,fft4-scaled4,887.300000
SAMPLE,miller+final,2,25,repository-square,920.200000
SAMPLE,miller+final,2,25,gaussian-scaled4,887.400000
SAMPLE,miller+final,2,25,cubic-scaled2,880.933333
SAMPLE,miller+final,2,25,fft4-scaled4,914.866667
SAMPLE,miller+final,2,26,repository-square,897.166667
SAMPLE,miller+final,2,26,gaussian-scaled4,918.900000
SAMPLE,miller+final,2,26,cubic-scaled2,888.500000
SAMPLE,miller+final,2,26,fft4-scaled4,896.500000
SAMPLE,miller+final,2,27,repository-square,893.633333
SAMPLE,miller+final,2,27,gaussian-scaled4,887.266667
SAMPLE,miller+final,2,27,cubic-scaled2,910.700000
SAMPLE,miller+final,2,27,fft4-scaled4,891.933333
SAMPLE,miller+final,2,28,repository-square,880.800000
SAMPLE,miller+final,2,28,gaussian-scaled4,884.900000
SAMPLE,miller+final,2,28,cubic-scaled2,899.000000
SAMPLE,miller+final,2,28,fft4-scaled4,858.533333
SAMPLE,miller+final,2,29,repository-square,920.166667
SAMPLE,miller+final,2,29,gaussian-scaled4,900.500000
SAMPLE,miller+final,2,29,cubic-scaled2,889.766667
SAMPLE,miller+final,2,29,fft4-scaled4,877.833333
SAMPLE,miller+final,2,30,repository-square,956.233333
SAMPLE,miller+final,2,30,gaussian-scaled4,972.400000
SAMPLE,miller+final,2,30,cubic-scaled2,872.966667
SAMPLE,miller+final,2,30,fft4-scaled4,870.733333
BENCH miller+final n=2 repository-square median=876.467 us min=854.000 max=979.300
BENCH miller+final n=2 gaussian-scaled4 median=872.400 us min=834.067 max=1071.267
BENCH miller+final n=2 cubic-scaled2 median=869.233 us min=839.333 max=936.400
BENCH miller+final n=2 fft4-scaled4 median=858.533 us min=832.100 max=929.833
SAMPLE,miller,8,0,repository-square,1139.833333
SAMPLE,miller,8,0,gaussian-scaled4,1156.266667
SAMPLE,miller,8,0,cubic-scaled2,1158.500000
SAMPLE,miller,8,0,fft4-scaled4,1129.366667
SAMPLE,miller,8,1,repository-square,1163.633333
SAMPLE,miller,8,1,gaussian-scaled4,1265.433333
SAMPLE,miller,8,1,cubic-scaled2,1200.966667
SAMPLE,miller,8,1,fft4-scaled4,1166.433333
SAMPLE,miller,8,2,repository-square,1150.633333
SAMPLE,miller,8,2,gaussian-scaled4,1151.233333
SAMPLE,miller,8,2,cubic-scaled2,1132.233333
SAMPLE,miller,8,2,fft4-scaled4,1141.633333
SAMPLE,miller,8,3,repository-square,1165.166667
SAMPLE,miller,8,3,gaussian-scaled4,1124.766667
SAMPLE,miller,8,3,cubic-scaled2,1137.133333
SAMPLE,miller,8,3,fft4-scaled4,1138.433333
SAMPLE,miller,8,4,repository-square,1145.766667
SAMPLE,miller,8,4,gaussian-scaled4,1155.600000
SAMPLE,miller,8,4,cubic-scaled2,1162.400000
SAMPLE,miller,8,4,fft4-scaled4,1169.533333
SAMPLE,miller,8,5,repository-square,1164.033333
SAMPLE,miller,8,5,gaussian-scaled4,1183.366667
SAMPLE,miller,8,5,cubic-scaled2,1170.433333
SAMPLE,miller,8,5,fft4-scaled4,1149.600000
SAMPLE,miller,8,6,repository-square,1153.200000
SAMPLE,miller,8,6,gaussian-scaled4,1153.400000
SAMPLE,miller,8,6,cubic-scaled2,1168.033333
SAMPLE,miller,8,6,fft4-scaled4,1145.133333
SAMPLE,miller,8,7,repository-square,1133.600000
SAMPLE,miller,8,7,gaussian-scaled4,1121.166667
SAMPLE,miller,8,7,cubic-scaled2,1125.433333
SAMPLE,miller,8,7,fft4-scaled4,1161.166667
SAMPLE,miller,8,8,repository-square,1136.766667
SAMPLE,miller,8,8,gaussian-scaled4,1106.000000
SAMPLE,miller,8,8,cubic-scaled2,1104.766667
SAMPLE,miller,8,8,fft4-scaled4,1116.633333
SAMPLE,miller,8,9,repository-square,1128.600000
SAMPLE,miller,8,9,gaussian-scaled4,1118.966667
SAMPLE,miller,8,9,cubic-scaled2,1153.000000
SAMPLE,miller,8,9,fft4-scaled4,1127.100000
SAMPLE,miller,8,10,repository-square,1137.400000
SAMPLE,miller,8,10,gaussian-scaled4,1110.700000
SAMPLE,miller,8,10,cubic-scaled2,1117.700000
SAMPLE,miller,8,10,fft4-scaled4,1130.266667
SAMPLE,miller,8,11,repository-square,1141.133333
SAMPLE,miller,8,11,gaussian-scaled4,1110.833333
SAMPLE,miller,8,11,cubic-scaled2,1125.766667
SAMPLE,miller,8,11,fft4-scaled4,1114.300000
SAMPLE,miller,8,12,repository-square,1144.600000
SAMPLE,miller,8,12,gaussian-scaled4,1127.033333
SAMPLE,miller,8,12,cubic-scaled2,1134.633333
SAMPLE,miller,8,12,fft4-scaled4,1134.933333
SAMPLE,miller,8,13,repository-square,1126.733333
SAMPLE,miller,8,13,gaussian-scaled4,1125.966667
SAMPLE,miller,8,13,cubic-scaled2,1118.900000
SAMPLE,miller,8,13,fft4-scaled4,1129.766667
SAMPLE,miller,8,14,repository-square,1143.700000
SAMPLE,miller,8,14,gaussian-scaled4,1108.700000
SAMPLE,miller,8,14,cubic-scaled2,1124.833333
SAMPLE,miller,8,14,fft4-scaled4,1119.000000
SAMPLE,miller,8,15,repository-square,1138.400000
SAMPLE,miller,8,15,gaussian-scaled4,1116.000000
SAMPLE,miller,8,15,cubic-scaled2,1119.666667
SAMPLE,miller,8,15,fft4-scaled4,1128.033333
SAMPLE,miller,8,16,repository-square,1127.200000
SAMPLE,miller,8,16,gaussian-scaled4,1115.533333
SAMPLE,miller,8,16,cubic-scaled2,1114.966667
SAMPLE,miller,8,16,fft4-scaled4,1120.366667
SAMPLE,miller,8,17,repository-square,1170.433333
SAMPLE,miller,8,17,gaussian-scaled4,1109.266667
SAMPLE,miller,8,17,cubic-scaled2,1129.833333
SAMPLE,miller,8,17,fft4-scaled4,1126.566667
SAMPLE,miller,8,18,repository-square,1140.866667
SAMPLE,miller,8,18,gaussian-scaled4,1137.800000
SAMPLE,miller,8,18,cubic-scaled2,1160.133333
SAMPLE,miller,8,18,fft4-scaled4,1138.466667
SAMPLE,miller,8,19,repository-square,1142.433333
SAMPLE,miller,8,19,gaussian-scaled4,1115.233333
SAMPLE,miller,8,19,cubic-scaled2,1157.366667
SAMPLE,miller,8,19,fft4-scaled4,1139.100000
SAMPLE,miller,8,20,repository-square,1140.733333
SAMPLE,miller,8,20,gaussian-scaled4,1127.400000
SAMPLE,miller,8,20,cubic-scaled2,1125.800000
SAMPLE,miller,8,20,fft4-scaled4,1112.866667
SAMPLE,miller,8,21,repository-square,1145.966667
SAMPLE,miller,8,21,gaussian-scaled4,1133.500000
SAMPLE,miller,8,21,cubic-scaled2,1123.500000
SAMPLE,miller,8,21,fft4-scaled4,1159.766667
SAMPLE,miller,8,22,repository-square,1139.366667
SAMPLE,miller,8,22,gaussian-scaled4,1141.133333
SAMPLE,miller,8,22,cubic-scaled2,1133.700000
SAMPLE,miller,8,22,fft4-scaled4,1129.233333
SAMPLE,miller,8,23,repository-square,1137.866667
SAMPLE,miller,8,23,gaussian-scaled4,1134.100000
SAMPLE,miller,8,23,cubic-scaled2,1129.000000
SAMPLE,miller,8,23,fft4-scaled4,1131.000000
SAMPLE,miller,8,24,repository-square,1142.133333
SAMPLE,miller,8,24,gaussian-scaled4,1134.333333
SAMPLE,miller,8,24,cubic-scaled2,1138.433333
SAMPLE,miller,8,24,fft4-scaled4,1143.600000
SAMPLE,miller,8,25,repository-square,1151.800000
SAMPLE,miller,8,25,gaussian-scaled4,1146.633333
SAMPLE,miller,8,25,cubic-scaled2,1146.566667
SAMPLE,miller,8,25,fft4-scaled4,1189.133333
SAMPLE,miller,8,26,repository-square,1158.866667
SAMPLE,miller,8,26,gaussian-scaled4,1145.133333
SAMPLE,miller,8,26,cubic-scaled2,1151.600000
SAMPLE,miller,8,26,fft4-scaled4,1151.033333
SAMPLE,miller,8,27,repository-square,1135.966667
SAMPLE,miller,8,27,gaussian-scaled4,1150.700000
SAMPLE,miller,8,27,cubic-scaled2,1136.166667
SAMPLE,miller,8,27,fft4-scaled4,1145.233333
SAMPLE,miller,8,28,repository-square,1154.166667
SAMPLE,miller,8,28,gaussian-scaled4,1138.933333
SAMPLE,miller,8,28,cubic-scaled2,1135.533333
SAMPLE,miller,8,28,fft4-scaled4,1112.066667
SAMPLE,miller,8,29,repository-square,1143.500000
SAMPLE,miller,8,29,gaussian-scaled4,1131.533333
SAMPLE,miller,8,29,cubic-scaled2,1127.466667
SAMPLE,miller,8,29,fft4-scaled4,1127.866667
SAMPLE,miller,8,30,repository-square,1130.466667
SAMPLE,miller,8,30,gaussian-scaled4,1125.400000
SAMPLE,miller,8,30,cubic-scaled2,1118.666667
SAMPLE,miller,8,30,fft4-scaled4,1118.833333
BENCH miller n=8 repository-square median=1142.133 us min=1126.733 max=1170.433
BENCH miller n=8 gaussian-scaled4 median=1131.533 us min=1106.000 max=1265.433
BENCH miller n=8 cubic-scaled2 median=1133.700 us min=1104.767 max=1200.967
BENCH miller n=8 fft4-scaled4 median=1131.000 us min=1112.067 max=1189.133
SAMPLE,miller+final,8,0,repository-square,1600.333333
SAMPLE,miller+final,8,0,gaussian-scaled4,1567.800000
SAMPLE,miller+final,8,0,cubic-scaled2,1593.466667
SAMPLE,miller+final,8,0,fft4-scaled4,1584.900000
SAMPLE,miller+final,8,1,repository-square,1596.066667
SAMPLE,miller+final,8,1,gaussian-scaled4,1585.033333
SAMPLE,miller+final,8,1,cubic-scaled2,1578.666667
SAMPLE,miller+final,8,1,fft4-scaled4,1577.000000
SAMPLE,miller+final,8,2,repository-square,1604.433333
SAMPLE,miller+final,8,2,gaussian-scaled4,1593.933333
SAMPLE,miller+final,8,2,cubic-scaled2,1598.766667
SAMPLE,miller+final,8,2,fft4-scaled4,1569.166667
SAMPLE,miller+final,8,3,repository-square,1607.500000
SAMPLE,miller+final,8,3,gaussian-scaled4,1597.133333
SAMPLE,miller+final,8,3,cubic-scaled2,1589.966667
SAMPLE,miller+final,8,3,fft4-scaled4,1569.600000
SAMPLE,miller+final,8,4,repository-square,1601.366667
SAMPLE,miller+final,8,4,gaussian-scaled4,1610.366667
SAMPLE,miller+final,8,4,cubic-scaled2,1607.666667
SAMPLE,miller+final,8,4,fft4-scaled4,1590.766667
SAMPLE,miller+final,8,5,repository-square,1590.466667
SAMPLE,miller+final,8,5,gaussian-scaled4,1598.100000
SAMPLE,miller+final,8,5,cubic-scaled2,1582.666667
SAMPLE,miller+final,8,5,fft4-scaled4,1549.100000
SAMPLE,miller+final,8,6,repository-square,1594.333333
SAMPLE,miller+final,8,6,gaussian-scaled4,1582.700000
SAMPLE,miller+final,8,6,cubic-scaled2,1585.900000
SAMPLE,miller+final,8,6,fft4-scaled4,1591.600000
SAMPLE,miller+final,8,7,repository-square,1673.333333
SAMPLE,miller+final,8,7,gaussian-scaled4,1618.800000
SAMPLE,miller+final,8,7,cubic-scaled2,1630.833333
SAMPLE,miller+final,8,7,fft4-scaled4,1594.333333
SAMPLE,miller+final,8,8,repository-square,1642.166667
SAMPLE,miller+final,8,8,gaussian-scaled4,1611.966667
SAMPLE,miller+final,8,8,cubic-scaled2,1659.766667
SAMPLE,miller+final,8,8,fft4-scaled4,1630.600000
SAMPLE,miller+final,8,9,repository-square,1647.333333
SAMPLE,miller+final,8,9,gaussian-scaled4,1663.300000
SAMPLE,miller+final,8,9,cubic-scaled2,1613.533333
SAMPLE,miller+final,8,9,fft4-scaled4,1614.800000
SAMPLE,miller+final,8,10,repository-square,1689.066667
SAMPLE,miller+final,8,10,gaussian-scaled4,1680.533333
SAMPLE,miller+final,8,10,cubic-scaled2,1655.533333
SAMPLE,miller+final,8,10,fft4-scaled4,1615.733333
SAMPLE,miller+final,8,11,repository-square,1683.966667
SAMPLE,miller+final,8,11,gaussian-scaled4,1636.166667
SAMPLE,miller+final,8,11,cubic-scaled2,1648.966667
SAMPLE,miller+final,8,11,fft4-scaled4,1678.200000
SAMPLE,miller+final,8,12,repository-square,1656.666667
SAMPLE,miller+final,8,12,gaussian-scaled4,1644.433333
SAMPLE,miller+final,8,12,cubic-scaled2,1643.133333
SAMPLE,miller+final,8,12,fft4-scaled4,1608.966667
SAMPLE,miller+final,8,13,repository-square,1662.633333
SAMPLE,miller+final,8,13,gaussian-scaled4,1616.733333
SAMPLE,miller+final,8,13,cubic-scaled2,1634.366667
SAMPLE,miller+final,8,13,fft4-scaled4,1636.266667
SAMPLE,miller+final,8,14,repository-square,1632.300000
SAMPLE,miller+final,8,14,gaussian-scaled4,1624.133333
SAMPLE,miller+final,8,14,cubic-scaled2,1628.133333
SAMPLE,miller+final,8,14,fft4-scaled4,1622.266667
SAMPLE,miller+final,8,15,repository-square,1657.933333
SAMPLE,miller+final,8,15,gaussian-scaled4,1663.000000
SAMPLE,miller+final,8,15,cubic-scaled2,1655.833333
SAMPLE,miller+final,8,15,fft4-scaled4,1646.200000
SAMPLE,miller+final,8,16,repository-square,1662.066667
SAMPLE,miller+final,8,16,gaussian-scaled4,1653.966667
SAMPLE,miller+final,8,16,cubic-scaled2,1649.333333
SAMPLE,miller+final,8,16,fft4-scaled4,1651.566667
SAMPLE,miller+final,8,17,repository-square,1655.200000
SAMPLE,miller+final,8,17,gaussian-scaled4,1658.733333
SAMPLE,miller+final,8,17,cubic-scaled2,1677.033333
SAMPLE,miller+final,8,17,fft4-scaled4,1701.133333
SAMPLE,miller+final,8,18,repository-square,1663.900000
SAMPLE,miller+final,8,18,gaussian-scaled4,1613.300000
SAMPLE,miller+final,8,18,cubic-scaled2,1646.366667
SAMPLE,miller+final,8,18,fft4-scaled4,1620.966667
SAMPLE,miller+final,8,19,repository-square,1646.800000
SAMPLE,miller+final,8,19,gaussian-scaled4,1655.166667
SAMPLE,miller+final,8,19,cubic-scaled2,1668.800000
SAMPLE,miller+final,8,19,fft4-scaled4,1638.766667
SAMPLE,miller+final,8,20,repository-square,1676.633333
SAMPLE,miller+final,8,20,gaussian-scaled4,1619.133333
SAMPLE,miller+final,8,20,cubic-scaled2,1639.100000
SAMPLE,miller+final,8,20,fft4-scaled4,1630.200000
SAMPLE,miller+final,8,21,repository-square,1631.533333
SAMPLE,miller+final,8,21,gaussian-scaled4,1656.500000
SAMPLE,miller+final,8,21,cubic-scaled2,1685.466667
SAMPLE,miller+final,8,21,fft4-scaled4,1643.833333
SAMPLE,miller+final,8,22,repository-square,1655.366667
SAMPLE,miller+final,8,22,gaussian-scaled4,1634.166667
SAMPLE,miller+final,8,22,cubic-scaled2,1635.933333
SAMPLE,miller+final,8,22,fft4-scaled4,1620.533333
SAMPLE,miller+final,8,23,repository-square,1625.866667
SAMPLE,miller+final,8,23,gaussian-scaled4,1618.800000
SAMPLE,miller+final,8,23,cubic-scaled2,1621.666667
SAMPLE,miller+final,8,23,fft4-scaled4,1631.266667
SAMPLE,miller+final,8,24,repository-square,1619.633333
SAMPLE,miller+final,8,24,gaussian-scaled4,1602.533333
SAMPLE,miller+final,8,24,cubic-scaled2,1596.600000
SAMPLE,miller+final,8,24,fft4-scaled4,1628.233333
SAMPLE,miller+final,8,25,repository-square,1638.600000
SAMPLE,miller+final,8,25,gaussian-scaled4,1630.333333
SAMPLE,miller+final,8,25,cubic-scaled2,1605.766667
SAMPLE,miller+final,8,25,fft4-scaled4,1595.566667
SAMPLE,miller+final,8,26,repository-square,1608.600000
SAMPLE,miller+final,8,26,gaussian-scaled4,1615.833333
SAMPLE,miller+final,8,26,cubic-scaled2,1621.766667
SAMPLE,miller+final,8,26,fft4-scaled4,1608.766667
SAMPLE,miller+final,8,27,repository-square,1620.600000
SAMPLE,miller+final,8,27,gaussian-scaled4,1584.233333
SAMPLE,miller+final,8,27,cubic-scaled2,1593.033333
SAMPLE,miller+final,8,27,fft4-scaled4,1603.066667
SAMPLE,miller+final,8,28,repository-square,1599.566667
SAMPLE,miller+final,8,28,gaussian-scaled4,1619.566667
SAMPLE,miller+final,8,28,cubic-scaled2,1612.333333
SAMPLE,miller+final,8,28,fft4-scaled4,1609.166667
SAMPLE,miller+final,8,29,repository-square,1619.833333
SAMPLE,miller+final,8,29,gaussian-scaled4,1608.066667
SAMPLE,miller+final,8,29,cubic-scaled2,1621.166667
SAMPLE,miller+final,8,29,fft4-scaled4,1602.800000
SAMPLE,miller+final,8,30,repository-square,1608.000000
SAMPLE,miller+final,8,30,gaussian-scaled4,1583.400000
SAMPLE,miller+final,8,30,cubic-scaled2,1608.266667
SAMPLE,miller+final,8,30,fft4-scaled4,1603.500000
BENCH miller+final n=8 repository-square median=1632.300 us min=1590.467 max=1689.067
BENCH miller+final n=8 gaussian-scaled4 median=1618.800 us min=1567.800 max=1680.533
BENCH miller+final n=8 cubic-scaled2 median=1621.767 us min=1578.667 max=1685.467
BENCH miller+final n=8 fft4-scaled4 median=1614.800 us min=1549.100 max=1701.133
