PASS 4000 full-width/edge square checks, all methods, both alias modes
PASS 27 multi-pairing comparisons n=0..8, all methods
PASS exact final-exponent comparison, all methods
SAMPLE,square,0,0,repository-square,2.244250
SAMPLE,square,0,0,gaussian-scaled4,2.077250
SAMPLE,square,0,0,cubic-scaled2,2.142500
SAMPLE,square,0,0,fft4-scaled4,1.999000
SAMPLE,square,0,1,repository-square,2.225750
SAMPLE,square,0,1,gaussian-scaled4,2.081250
SAMPLE,square,0,1,cubic-scaled2,2.138500
SAMPLE,square,0,1,fft4-scaled4,2.090250
SAMPLE,square,0,2,repository-square,2.250000
SAMPLE,square,0,2,gaussian-scaled4,2.113000
SAMPLE,square,0,2,cubic-scaled2,2.093750
SAMPLE,square,0,2,fft4-scaled4,2.001750
SAMPLE,square,0,3,repository-square,2.265750
SAMPLE,square,0,3,gaussian-scaled4,2.125500
SAMPLE,square,0,3,cubic-scaled2,2.101500
SAMPLE,square,0,3,fft4-scaled4,2.085000
SAMPLE,square,0,4,repository-square,2.209500
SAMPLE,square,0,4,gaussian-scaled4,2.163750
SAMPLE,square,0,4,cubic-scaled2,2.120000
SAMPLE,square,0,4,fft4-scaled4,1.971750
SAMPLE,square,0,5,repository-square,2.241500
SAMPLE,square,0,5,gaussian-scaled4,2.098000
SAMPLE,square,0,5,cubic-scaled2,2.087750
SAMPLE,square,0,5,fft4-scaled4,2.009750
SAMPLE,square,0,6,repository-square,2.216250
SAMPLE,square,0,6,gaussian-scaled4,2.072250
SAMPLE,square,0,6,cubic-scaled2,2.135500
SAMPLE,square,0,6,fft4-scaled4,2.046000
SAMPLE,square,0,7,repository-square,2.297000
SAMPLE,square,0,7,gaussian-scaled4,2.095250
SAMPLE,square,0,7,cubic-scaled2,2.134250
SAMPLE,square,0,7,fft4-scaled4,2.021000
SAMPLE,square,0,8,repository-square,2.269000
SAMPLE,square,0,8,gaussian-scaled4,2.059750
SAMPLE,square,0,8,cubic-scaled2,2.139500
SAMPLE,square,0,8,fft4-scaled4,2.050750
SAMPLE,square,0,9,repository-square,2.212500
SAMPLE,square,0,9,gaussian-scaled4,2.113000
SAMPLE,square,0,9,cubic-scaled2,2.105750
SAMPLE,square,0,9,fft4-scaled4,2.010500
SAMPLE,square,0,10,repository-square,2.273000
SAMPLE,square,0,10,gaussian-scaled4,2.109750
SAMPLE,square,0,10,cubic-scaled2,2.104000
SAMPLE,square,0,10,fft4-scaled4,2.070500
SAMPLE,square,0,11,repository-square,2.213500
SAMPLE,square,0,11,gaussian-scaled4,2.101250
SAMPLE,square,0,11,cubic-scaled2,2.197000
SAMPLE,square,0,11,fft4-scaled4,1.979500
SAMPLE,square,0,12,repository-square,2.237250
SAMPLE,square,0,12,gaussian-scaled4,2.096750
SAMPLE,square,0,12,cubic-scaled2,2.082250
SAMPLE,square,0,12,fft4-scaled4,1.987000
SAMPLE,square,0,13,repository-square,2.213250
SAMPLE,square,0,13,gaussian-scaled4,2.102000
SAMPLE,square,0,13,cubic-scaled2,2.150750
SAMPLE,square,0,13,fft4-scaled4,2.048500
SAMPLE,square,0,14,repository-square,2.202000
SAMPLE,square,0,14,gaussian-scaled4,2.076500
SAMPLE,square,0,14,cubic-scaled2,2.132250
SAMPLE,square,0,14,fft4-scaled4,2.072000
SAMPLE,square,0,15,repository-square,2.243250
SAMPLE,square,0,15,gaussian-scaled4,2.065250
SAMPLE,square,0,15,cubic-scaled2,2.163500
SAMPLE,square,0,15,fft4-scaled4,1.990000
SAMPLE,square,0,16,repository-square,2.267250
SAMPLE,square,0,16,gaussian-scaled4,2.062000
SAMPLE,square,0,16,cubic-scaled2,2.122500
SAMPLE,square,0,16,fft4-scaled4,1.978250
SAMPLE,square,0,17,repository-square,2.251000
SAMPLE,square,0,17,gaussian-scaled4,2.095500
SAMPLE,square,0,17,cubic-scaled2,2.078250
SAMPLE,square,0,17,fft4-scaled4,2.038000
SAMPLE,square,0,18,repository-square,2.214000
SAMPLE,square,0,18,gaussian-scaled4,2.066750
SAMPLE,square,0,18,cubic-scaled2,2.109500
SAMPLE,square,0,18,fft4-scaled4,2.066250
SAMPLE,square,0,19,repository-square,2.269000
SAMPLE,square,0,19,gaussian-scaled4,2.076750
SAMPLE,square,0,19,cubic-scaled2,2.103750
SAMPLE,square,0,19,fft4-scaled4,2.006250
SAMPLE,square,0,20,repository-square,2.258750
SAMPLE,square,0,20,gaussian-scaled4,2.089750
SAMPLE,square,0,20,cubic-scaled2,2.069500
SAMPLE,square,0,20,fft4-scaled4,2.027250
SAMPLE,square,0,21,repository-square,2.244250
SAMPLE,square,0,21,gaussian-scaled4,2.071250
SAMPLE,square,0,21,cubic-scaled2,2.111000
SAMPLE,square,0,21,fft4-scaled4,2.051250
SAMPLE,square,0,22,repository-square,2.270250
SAMPLE,square,0,22,gaussian-scaled4,2.175750
SAMPLE,square,0,22,cubic-scaled2,2.081500
SAMPLE,square,0,22,fft4-scaled4,2.023250
SAMPLE,square,0,23,repository-square,2.280750
SAMPLE,square,0,23,gaussian-scaled4,2.181000
SAMPLE,square,0,23,cubic-scaled2,2.166000
SAMPLE,square,0,23,fft4-scaled4,2.012750
SAMPLE,square,0,24,repository-square,2.252250
SAMPLE,square,0,24,gaussian-scaled4,2.066000
SAMPLE,square,0,24,cubic-scaled2,2.072000
SAMPLE,square,0,24,fft4-scaled4,2.113000
SAMPLE,square,0,25,repository-square,2.250250
SAMPLE,square,0,25,gaussian-scaled4,2.084250
SAMPLE,square,0,25,cubic-scaled2,2.150750
SAMPLE,square,0,25,fft4-scaled4,2.030250
SAMPLE,square,0,26,repository-square,2.276250
SAMPLE,square,0,26,gaussian-scaled4,2.038500
SAMPLE,square,0,26,cubic-scaled2,2.130500
SAMPLE,square,0,26,fft4-scaled4,2.017000
SAMPLE,square,0,27,repository-square,2.228250
SAMPLE,square,0,27,gaussian-scaled4,2.075500
SAMPLE,square,0,27,cubic-scaled2,2.126500
SAMPLE,square,0,27,fft4-scaled4,1.994000
SAMPLE,square,0,28,repository-square,2.226000
SAMPLE,square,0,28,gaussian-scaled4,2.050000
SAMPLE,square,0,28,cubic-scaled2,2.035500
SAMPLE,square,0,28,fft4-scaled4,1.965250
SAMPLE,square,0,29,repository-square,2.293000
SAMPLE,square,0,29,gaussian-scaled4,2.055750
SAMPLE,square,0,29,cubic-scaled2,2.113750
SAMPLE,square,0,29,fft4-scaled4,2.030000
SAMPLE,square,0,30,repository-square,2.276750
SAMPLE,square,0,30,gaussian-scaled4,2.141250
SAMPLE,square,0,30,cubic-scaled2,2.085500
SAMPLE,square,0,30,fft4-scaled4,2.005750
BENCH square n=0 repository-square median=2.250 us min=2.202 max=2.297
BENCH square n=0 gaussian-scaled4 median=2.084 us min=2.038 max=2.181
BENCH square n=0 cubic-scaled2 median=2.114 us min=2.035 max=2.197
BENCH square n=0 fft4-scaled4 median=2.021 us min=1.965 max=2.113
SAMPLE,miller,1,0,repository-square,264.466667
SAMPLE,miller,1,0,gaussian-scaled4,254.700000
SAMPLE,miller,1,0,cubic-scaled2,256.933333
SAMPLE,miller,1,0,fft4-scaled4,254.900000
SAMPLE,miller,1,1,repository-square,270.100000
SAMPLE,miller,1,1,gaussian-scaled4,259.100000
SAMPLE,miller,1,1,cubic-scaled2,255.666667
SAMPLE,miller,1,1,fft4-scaled4,258.400000
SAMPLE,miller,1,2,repository-square,270.666667
SAMPLE,miller,1,2,gaussian-scaled4,252.400000
SAMPLE,miller,1,2,cubic-scaled2,250.466667
SAMPLE,miller,1,2,fft4-scaled4,252.533333
SAMPLE,miller,1,3,repository-square,271.566667
SAMPLE,miller,1,3,gaussian-scaled4,253.266667
SAMPLE,miller,1,3,cubic-scaled2,260.233333
SAMPLE,miller,1,3,fft4-scaled4,251.933333
SAMPLE,miller,1,4,repository-square,269.766667
SAMPLE,miller,1,4,gaussian-scaled4,253.700000
SAMPLE,miller,1,4,cubic-scaled2,254.200000
SAMPLE,miller,1,4,fft4-scaled4,248.233333
SAMPLE,miller,1,5,repository-square,271.966667
SAMPLE,miller,1,5,gaussian-scaled4,256.733333
SAMPLE,miller,1,5,cubic-scaled2,266.266667
SAMPLE,miller,1,5,fft4-scaled4,262.233333
SAMPLE,miller,1,6,repository-square,280.366667
SAMPLE,miller,1,6,gaussian-scaled4,267.966667
SAMPLE,miller,1,6,cubic-scaled2,263.866667
SAMPLE,miller,1,6,fft4-scaled4,261.333333
SAMPLE,miller,1,7,repository-square,265.700000
SAMPLE,miller,1,7,gaussian-scaled4,260.933333
SAMPLE,miller,1,7,cubic-scaled2,264.700000
SAMPLE,miller,1,7,fft4-scaled4,255.600000
SAMPLE,miller,1,8,repository-square,272.633333
SAMPLE,miller,1,8,gaussian-scaled4,256.900000
SAMPLE,miller,1,8,cubic-scaled2,260.100000
SAMPLE,miller,1,8,fft4-scaled4,250.166667
SAMPLE,miller,1,9,repository-square,270.266667
SAMPLE,miller,1,9,gaussian-scaled4,255.166667
SAMPLE,miller,1,9,cubic-scaled2,260.766667
SAMPLE,miller,1,9,fft4-scaled4,259.400000
SAMPLE,miller,1,10,repository-square,267.466667
SAMPLE,miller,1,10,gaussian-scaled4,256.566667
SAMPLE,miller,1,10,cubic-scaled2,257.366667
SAMPLE,miller,1,10,fft4-scaled4,258.700000
SAMPLE,miller,1,11,repository-square,263.600000
SAMPLE,miller,1,11,gaussian-scaled4,256.600000
SAMPLE,miller,1,11,cubic-scaled2,261.266667
SAMPLE,miller,1,11,fft4-scaled4,251.233333
SAMPLE,miller,1,12,repository-square,272.633333
SAMPLE,miller,1,12,gaussian-scaled4,253.600000
SAMPLE,miller,1,12,cubic-scaled2,256.833333
SAMPLE,miller,1,12,fft4-scaled4,261.533333
SAMPLE,miller,1,13,repository-square,260.366667
SAMPLE,miller,1,13,gaussian-scaled4,252.866667
SAMPLE,miller,1,13,cubic-scaled2,256.000000
SAMPLE,miller,1,13,fft4-scaled4,259.733333
SAMPLE,miller,1,14,repository-square,264.066667
SAMPLE,miller,1,14,gaussian-scaled4,256.733333
SAMPLE,miller,1,14,cubic-scaled2,259.633333
SAMPLE,miller,1,14,fft4-scaled4,258.333333
SAMPLE,miller,1,15,repository-square,274.400000
SAMPLE,miller,1,15,gaussian-scaled4,262.100000
SAMPLE,miller,1,15,cubic-scaled2,257.933333
SAMPLE,miller,1,15,fft4-scaled4,259.266667
SAMPLE,miller,1,16,repository-square,273.433333
SAMPLE,miller,1,16,gaussian-scaled4,254.700000
SAMPLE,miller,1,16,cubic-scaled2,271.133333
SAMPLE,miller,1,16,fft4-scaled4,257.066667
SAMPLE,miller,1,17,repository-square,265.866667
SAMPLE,miller,1,17,gaussian-scaled4,254.100000
SAMPLE,miller,1,17,cubic-scaled2,257.333333
SAMPLE,miller,1,17,fft4-scaled4,255.200000
SAMPLE,miller,1,18,repository-square,266.200000
SAMPLE,miller,1,18,gaussian-scaled4,257.200000
SAMPLE,miller,1,18,cubic-scaled2,257.733333
SAMPLE,miller,1,18,fft4-scaled4,259.166667
SAMPLE,miller,1,19,repository-square,270.000000
SAMPLE,miller,1,19,gaussian-scaled4,262.633333
SAMPLE,miller,1,19,cubic-scaled2,255.433333
SAMPLE,miller,1,19,fft4-scaled4,259.766667
SAMPLE,miller,1,20,repository-square,273.466667
SAMPLE,miller,1,20,gaussian-scaled4,261.066667
SAMPLE,miller,1,20,cubic-scaled2,265.766667
SAMPLE,miller,1,20,fft4-scaled4,250.766667
SAMPLE,miller,1,21,repository-square,270.600000
SAMPLE,miller,1,21,gaussian-scaled4,260.566667
SAMPLE,miller,1,21,cubic-scaled2,259.200000
SAMPLE,miller,1,21,fft4-scaled4,256.966667
SAMPLE,miller,1,22,repository-square,269.833333
SAMPLE,miller,1,22,gaussian-scaled4,270.466667
SAMPLE,miller,1,22,cubic-scaled2,259.166667
SAMPLE,miller,1,22,fft4-scaled4,252.600000
SAMPLE,miller,1,23,repository-square,269.933333
SAMPLE,miller,1,23,gaussian-scaled4,255.300000
SAMPLE,miller,1,23,cubic-scaled2,256.000000
SAMPLE,miller,1,23,fft4-scaled4,256.233333
SAMPLE,miller,1,24,repository-square,264.966667
SAMPLE,miller,1,24,gaussian-scaled4,261.166667
SAMPLE,miller,1,24,cubic-scaled2,260.400000
SAMPLE,miller,1,24,fft4-scaled4,255.566667
SAMPLE,miller,1,25,repository-square,272.700000
SAMPLE,miller,1,25,gaussian-scaled4,259.300000
SAMPLE,miller,1,25,cubic-scaled2,256.333333
SAMPLE,miller,1,25,fft4-scaled4,253.700000
SAMPLE,miller,1,26,repository-square,264.633333
SAMPLE,miller,1,26,gaussian-scaled4,255.700000
SAMPLE,miller,1,26,cubic-scaled2,260.533333
SAMPLE,miller,1,26,fft4-scaled4,256.900000
SAMPLE,miller,1,27,repository-square,273.533333
SAMPLE,miller,1,27,gaussian-scaled4,261.566667
SAMPLE,miller,1,27,cubic-scaled2,261.800000
SAMPLE,miller,1,27,fft4-scaled4,250.300000
SAMPLE,miller,1,28,repository-square,268.666667
SAMPLE,miller,1,28,gaussian-scaled4,256.866667
SAMPLE,miller,1,28,cubic-scaled2,253.800000
SAMPLE,miller,1,28,fft4-scaled4,250.333333
SAMPLE,miller,1,29,repository-square,270.333333
SAMPLE,miller,1,29,gaussian-scaled4,265.700000
SAMPLE,miller,1,29,cubic-scaled2,256.566667
SAMPLE,miller,1,29,fft4-scaled4,254.333333
SAMPLE,miller,1,30,repository-square,274.333333
SAMPLE,miller,1,30,gaussian-scaled4,254.666667
SAMPLE,miller,1,30,cubic-scaled2,253.633333
SAMPLE,miller,1,30,fft4-scaled4,251.900000
BENCH miller n=1 repository-square median=270.100 us min=260.367 max=280.367
BENCH miller n=1 gaussian-scaled4 median=256.733 us min=252.400 max=270.467
BENCH miller n=1 cubic-scaled2 median=257.933 us min=250.467 max=271.133
BENCH miller n=1 fft4-scaled4 median=255.600 us min=248.233 max=262.233
SAMPLE,miller+final,1,0,repository-square,1097.400000
SAMPLE,miller+final,1,0,gaussian-scaled4,741.333333
SAMPLE,miller+final,1,0,cubic-scaled2,726.900000
SAMPLE,miller+final,1,0,fft4-scaled4,722.633333
SAMPLE,miller+final,1,1,repository-square,719.433333
SAMPLE,miller+final,1,1,gaussian-scaled4,723.233333
SAMPLE,miller+final,1,1,cubic-scaled2,726.133333
SAMPLE,miller+final,1,1,fft4-scaled4,725.900000
SAMPLE,miller+final,1,2,repository-square,734.166667
SAMPLE,miller+final,1,2,gaussian-scaled4,718.533333
SAMPLE,miller+final,1,2,cubic-scaled2,723.266667
SAMPLE,miller+final,1,2,fft4-scaled4,718.833333
SAMPLE,miller+final,1,3,repository-square,727.966667
SAMPLE,miller+final,1,3,gaussian-scaled4,721.833333
SAMPLE,miller+final,1,3,cubic-scaled2,716.066667
SAMPLE,miller+final,1,3,fft4-scaled4,711.233333
SAMPLE,miller+final,1,4,repository-square,724.866667
SAMPLE,miller+final,1,4,gaussian-scaled4,710.366667
SAMPLE,miller+final,1,4,cubic-scaled2,723.900000
SAMPLE,miller+final,1,4,fft4-scaled4,714.533333
SAMPLE,miller+final,1,5,repository-square,736.100000
SAMPLE,miller+final,1,5,gaussian-scaled4,716.566667
SAMPLE,miller+final,1,5,cubic-scaled2,727.466667
SAMPLE,miller+final,1,5,fft4-scaled4,741.100000
SAMPLE,miller+final,1,6,repository-square,738.700000
SAMPLE,miller+final,1,6,gaussian-scaled4,719.233333
SAMPLE,miller+final,1,6,cubic-scaled2,731.700000
SAMPLE,miller+final,1,6,fft4-scaled4,723.566667
SAMPLE,miller+final,1,7,repository-square,732.566667
SAMPLE,miller+final,1,7,gaussian-scaled4,709.100000
SAMPLE,miller+final,1,7,cubic-scaled2,726.333333
SAMPLE,miller+final,1,7,fft4-scaled4,725.300000
SAMPLE,miller+final,1,8,repository-square,728.866667
SAMPLE,miller+final,1,8,gaussian-scaled4,718.466667
SAMPLE,miller+final,1,8,cubic-scaled2,721.333333
SAMPLE,miller+final,1,8,fft4-scaled4,711.100000
SAMPLE,miller+final,1,9,repository-square,733.266667
SAMPLE,miller+final,1,9,gaussian-scaled4,729.133333
SAMPLE,miller+final,1,9,cubic-scaled2,717.566667
SAMPLE,miller+final,1,9,fft4-scaled4,719.400000
SAMPLE,miller+final,1,10,repository-square,716.166667
SAMPLE,miller+final,1,10,gaussian-scaled4,706.833333
SAMPLE,miller+final,1,10,cubic-scaled2,701.566667
SAMPLE,miller+final,1,10,fft4-scaled4,710.333333
SAMPLE,miller+final,1,11,repository-square,734.833333
SAMPLE,miller+final,1,11,gaussian-scaled4,722.933333
SAMPLE,miller+final,1,11,cubic-scaled2,711.666667
SAMPLE,miller+final,1,11,fft4-scaled4,698.333333
SAMPLE,miller+final,1,12,repository-square,725.366667
SAMPLE,miller+final,1,12,gaussian-scaled4,699.433333
SAMPLE,miller+final,1,12,cubic-scaled2,715.633333
SAMPLE,miller+final,1,12,fft4-scaled4,716.966667
SAMPLE,miller+final,1,13,repository-square,716.433333
SAMPLE,miller+final,1,13,gaussian-scaled4,704.200000
SAMPLE,miller+final,1,13,cubic-scaled2,724.533333
SAMPLE,miller+final,1,13,fft4-scaled4,730.200000
SAMPLE,miller+final,1,14,repository-square,718.433333
SAMPLE,miller+final,1,14,gaussian-scaled4,720.133333
SAMPLE,miller+final,1,14,cubic-scaled2,708.300000
SAMPLE,miller+final,1,14,fft4-scaled4,718.300000
SAMPLE,miller+final,1,15,repository-square,728.600000
SAMPLE,miller+final,1,15,gaussian-scaled4,711.600000
SAMPLE,miller+final,1,15,cubic-scaled2,728.200000
SAMPLE,miller+final,1,15,fft4-scaled4,718.533333
SAMPLE,miller+final,1,16,repository-square,734.433333
SAMPLE,miller+final,1,16,gaussian-scaled4,715.933333
SAMPLE,miller+final,1,16,cubic-scaled2,723.300000
SAMPLE,miller+final,1,16,fft4-scaled4,716.933333
SAMPLE,miller+final,1,17,repository-square,731.100000
SAMPLE,miller+final,1,17,gaussian-scaled4,736.233333
SAMPLE,miller+final,1,17,cubic-scaled2,707.000000
SAMPLE,miller+final,1,17,fft4-scaled4,706.800000
SAMPLE,miller+final,1,18,repository-square,734.300000
SAMPLE,miller+final,1,18,gaussian-scaled4,719.566667
SAMPLE,miller+final,1,18,cubic-scaled2,734.166667
SAMPLE,miller+final,1,18,fft4-scaled4,706.700000
SAMPLE,miller+final,1,19,repository-square,716.166667
SAMPLE,miller+final,1,19,gaussian-scaled4,716.900000
SAMPLE,miller+final,1,19,cubic-scaled2,701.933333
SAMPLE,miller+final,1,19,fft4-scaled4,705.433333
SAMPLE,miller+final,1,20,repository-square,723.000000
SAMPLE,miller+final,1,20,gaussian-scaled4,705.966667
SAMPLE,miller+final,1,20,cubic-scaled2,705.466667
SAMPLE,miller+final,1,20,fft4-scaled4,695.533333
SAMPLE,miller+final,1,21,repository-square,717.800000
SAMPLE,miller+final,1,21,gaussian-scaled4,722.533333
SAMPLE,miller+final,1,21,cubic-scaled2,701.000000
SAMPLE,miller+final,1,21,fft4-scaled4,709.500000
SAMPLE,miller+final,1,22,repository-square,708.366667
SAMPLE,miller+final,1,22,gaussian-scaled4,731.200000
SAMPLE,miller+final,1,22,cubic-scaled2,703.933333
SAMPLE,miller+final,1,22,fft4-scaled4,716.966667
SAMPLE,miller+final,1,23,repository-square,745.266667
SAMPLE,miller+final,1,23,gaussian-scaled4,759.966667
SAMPLE,miller+final,1,23,cubic-scaled2,740.833333
SAMPLE,miller+final,1,23,fft4-scaled4,696.466667
SAMPLE,miller+final,1,24,repository-square,756.666667
SAMPLE,miller+final,1,24,gaussian-scaled4,734.366667
SAMPLE,miller+final,1,24,cubic-scaled2,718.366667
SAMPLE,miller+final,1,24,fft4-scaled4,711.366667
SAMPLE,miller+final,1,25,repository-square,715.900000
SAMPLE,miller+final,1,25,gaussian-scaled4,718.100000
SAMPLE,miller+final,1,25,cubic-scaled2,703.833333
SAMPLE,miller+final,1,25,fft4-scaled4,719.233333
SAMPLE,miller+final,1,26,repository-square,727.533333
SAMPLE,miller+final,1,26,gaussian-scaled4,737.366667
SAMPLE,miller+final,1,26,cubic-scaled2,723.100000
SAMPLE,miller+final,1,26,fft4-scaled4,725.666667
SAMPLE,miller+final,1,27,repository-square,729.733333
SAMPLE,miller+final,1,27,gaussian-scaled4,710.400000
SAMPLE,miller+final,1,27,cubic-scaled2,724.033333
SAMPLE,miller+final,1,27,fft4-scaled4,711.766667
SAMPLE,miller+final,1,28,repository-square,728.233333
SAMPLE,miller+final,1,28,gaussian-scaled4,726.066667
SAMPLE,miller+final,1,28,cubic-scaled2,725.000000
SAMPLE,miller+final,1,28,fft4-scaled4,707.766667
SAMPLE,miller+final,1,29,repository-square,728.666667
SAMPLE,miller+final,1,29,gaussian-scaled4,735.766667
SAMPLE,miller+final,1,29,cubic-scaled2,719.400000
SAMPLE,miller+final,1,29,fft4-scaled4,718.533333
SAMPLE,miller+final,1,30,repository-square,749.033333
SAMPLE,miller+final,1,30,gaussian-scaled4,743.066667
SAMPLE,miller+final,1,30,cubic-scaled2,713.533333
SAMPLE,miller+final,1,30,fft4-scaled4,731.800000
BENCH miller+final n=1 repository-square median=728.667 us min=708.367 max=1097.400
BENCH miller+final n=1 gaussian-scaled4 median=719.567 us min=699.433 max=759.967
BENCH miller+final n=1 cubic-scaled2 median=721.333 us min=701.000 max=740.833
BENCH miller+final n=1 fft4-scaled4 median=716.967 us min=695.533 max=741.100
SAMPLE,miller,2,0,repository-square,406.300000
SAMPLE,miller,2,0,gaussian-scaled4,395.700000
SAMPLE,miller,2,0,cubic-scaled2,406.000000
SAMPLE,miller,2,0,fft4-scaled4,396.266667
SAMPLE,miller,2,1,repository-square,399.833333
SAMPLE,miller,2,1,gaussian-scaled4,384.933333
SAMPLE,miller,2,1,cubic-scaled2,382.366667
SAMPLE,miller,2,1,fft4-scaled4,391.000000
SAMPLE,miller,2,2,repository-square,388.233333
SAMPLE,miller,2,2,gaussian-scaled4,377.666667
SAMPLE,miller,2,2,cubic-scaled2,382.333333
SAMPLE,miller,2,2,fft4-scaled4,378.166667
SAMPLE,miller,2,3,repository-square,398.900000
SAMPLE,miller,2,3,gaussian-scaled4,388.066667
SAMPLE,miller,2,3,cubic-scaled2,384.000000
SAMPLE,miller,2,3,fft4-scaled4,369.633333
SAMPLE,miller,2,4,repository-square,381.333333
SAMPLE,miller,2,4,gaussian-scaled4,379.033333
SAMPLE,miller,2,4,cubic-scaled2,396.233333
SAMPLE,miller,2,4,fft4-scaled4,379.400000
SAMPLE,miller,2,5,repository-square,386.666667
SAMPLE,miller,2,5,gaussian-scaled4,376.066667
SAMPLE,miller,2,5,cubic-scaled2,387.100000
SAMPLE,miller,2,5,fft4-scaled4,384.000000
SAMPLE,miller,2,6,repository-square,413.366667
SAMPLE,miller,2,6,gaussian-scaled4,393.033333
SAMPLE,miller,2,6,cubic-scaled2,378.233333
SAMPLE,miller,2,6,fft4-scaled4,381.900000
SAMPLE,miller,2,7,repository-square,388.766667
SAMPLE,miller,2,7,gaussian-scaled4,388.133333
SAMPLE,miller,2,7,cubic-scaled2,379.200000
SAMPLE,miller,2,7,fft4-scaled4,371.200000
SAMPLE,miller,2,8,repository-square,382.166667
SAMPLE,miller,2,8,gaussian-scaled4,369.233333
SAMPLE,miller,2,8,cubic-scaled2,388.866667
SAMPLE,miller,2,8,fft4-scaled4,368.700000
SAMPLE,miller,2,9,repository-square,391.066667
SAMPLE,miller,2,9,gaussian-scaled4,368.966667
SAMPLE,miller,2,9,cubic-scaled2,371.766667
SAMPLE,miller,2,9,fft4-scaled4,373.966667
SAMPLE,miller,2,10,repository-square,396.200000
SAMPLE,miller,2,10,gaussian-scaled4,379.400000
SAMPLE,miller,2,10,cubic-scaled2,383.466667
SAMPLE,miller,2,10,fft4-scaled4,375.766667
SAMPLE,miller,2,11,repository-square,398.933333
SAMPLE,miller,2,11,gaussian-scaled4,403.200000
SAMPLE,miller,2,11,cubic-scaled2,396.233333
SAMPLE,miller,2,11,fft4-scaled4,368.133333
SAMPLE,miller,2,12,repository-square,380.800000
SAMPLE,miller,2,12,gaussian-scaled4,385.866667
SAMPLE,miller,2,12,cubic-scaled2,387.633333
SAMPLE,miller,2,12,fft4-scaled4,382.633333
SAMPLE,miller,2,13,repository-square,386.700000
SAMPLE,miller,2,13,gaussian-scaled4,386.200000
SAMPLE,miller,2,13,cubic-scaled2,396.033333
SAMPLE,miller,2,13,fft4-scaled4,387.466667
SAMPLE,miller,2,14,repository-square,388.700000
SAMPLE,miller,2,14,gaussian-scaled4,396.000000
SAMPLE,miller,2,14,cubic-scaled2,391.200000
SAMPLE,miller,2,14,fft4-scaled4,376.100000
SAMPLE,miller,2,15,repository-square,389.533333
SAMPLE,miller,2,15,gaussian-scaled4,377.433333
SAMPLE,miller,2,15,cubic-scaled2,381.766667
SAMPLE,miller,2,15,fft4-scaled4,374.966667
SAMPLE,miller,2,16,repository-square,397.600000
SAMPLE,miller,2,16,gaussian-scaled4,381.066667
SAMPLE,miller,2,16,cubic-scaled2,386.966667
SAMPLE,miller,2,16,fft4-scaled4,375.500000
SAMPLE,miller,2,17,repository-square,385.566667
SAMPLE,miller,2,17,gaussian-scaled4,390.166667
SAMPLE,miller,2,17,cubic-scaled2,390.233333
SAMPLE,miller,2,17,fft4-scaled4,378.666667
SAMPLE,miller,2,18,repository-square,385.500000
SAMPLE,miller,2,18,gaussian-scaled4,383.500000
SAMPLE,miller,2,18,cubic-scaled2,379.300000
SAMPLE,miller,2,18,fft4-scaled4,374.566667
SAMPLE,miller,2,19,repository-square,400.133333
SAMPLE,miller,2,19,gaussian-scaled4,382.266667
SAMPLE,miller,2,19,cubic-scaled2,379.433333
SAMPLE,miller,2,19,fft4-scaled4,369.600000
SAMPLE,miller,2,20,repository-square,390.033333
SAMPLE,miller,2,20,gaussian-scaled4,376.500000
SAMPLE,miller,2,20,cubic-scaled2,379.966667
SAMPLE,miller,2,20,fft4-scaled4,385.400000
SAMPLE,miller,2,21,repository-square,396.366667
SAMPLE,miller,2,21,gaussian-scaled4,382.600000
SAMPLE,miller,2,21,cubic-scaled2,383.000000
SAMPLE,miller,2,21,fft4-scaled4,378.533333
SAMPLE,miller,2,22,repository-square,393.366667
SAMPLE,miller,2,22,gaussian-scaled4,380.800000
SAMPLE,miller,2,22,cubic-scaled2,387.433333
SAMPLE,miller,2,22,fft4-scaled4,374.366667
SAMPLE,miller,2,23,repository-square,392.933333
SAMPLE,miller,2,23,gaussian-scaled4,377.200000
SAMPLE,miller,2,23,cubic-scaled2,381.066667
SAMPLE,miller,2,23,fft4-scaled4,384.366667
SAMPLE,miller,2,24,repository-square,401.333333
SAMPLE,miller,2,24,gaussian-scaled4,381.700000
SAMPLE,miller,2,24,cubic-scaled2,379.000000
SAMPLE,miller,2,24,fft4-scaled4,376.266667
SAMPLE,miller,2,25,repository-square,399.633333
SAMPLE,miller,2,25,gaussian-scaled4,392.666667
SAMPLE,miller,2,25,cubic-scaled2,394.200000
SAMPLE,miller,2,25,fft4-scaled4,371.566667
SAMPLE,miller,2,26,repository-square,405.400000
SAMPLE,miller,2,26,gaussian-scaled4,392.700000
SAMPLE,miller,2,26,cubic-scaled2,394.466667
SAMPLE,miller,2,26,fft4-scaled4,380.966667
SAMPLE,miller,2,27,repository-square,392.466667
SAMPLE,miller,2,27,gaussian-scaled4,395.366667
SAMPLE,miller,2,27,cubic-scaled2,387.933333
SAMPLE,miller,2,27,fft4-scaled4,387.266667
SAMPLE,miller,2,28,repository-square,390.200000
SAMPLE,miller,2,28,gaussian-scaled4,397.466667
SAMPLE,miller,2,28,cubic-scaled2,400.700000
SAMPLE,miller,2,28,fft4-scaled4,433.966667
SAMPLE,miller,2,29,repository-square,404.566667
SAMPLE,miller,2,29,gaussian-scaled4,392.366667
SAMPLE,miller,2,29,cubic-scaled2,397.866667
SAMPLE,miller,2,29,fft4-scaled4,401.066667
SAMPLE,miller,2,30,repository-square,411.133333
SAMPLE,miller,2,30,gaussian-scaled4,386.200000
SAMPLE,miller,2,30,cubic-scaled2,383.566667
SAMPLE,miller,2,30,fft4-scaled4,388.866667
BENCH miller n=2 repository-square median=392.933 us min=380.800 max=413.367
BENCH miller n=2 gaussian-scaled4 median=384.933 us min=368.967 max=403.200
BENCH miller n=2 cubic-scaled2 median=386.967 us min=371.767 max=406.000
BENCH miller n=2 fft4-scaled4 median=378.533 us min=368.133 max=433.967
SAMPLE,miller+final,2,0,repository-square,861.300000
SAMPLE,miller+final,2,0,gaussian-scaled4,841.000000
SAMPLE,miller+final,2,0,cubic-scaled2,853.433333
SAMPLE,miller+final,2,0,fft4-scaled4,847.766667
SAMPLE,miller+final,2,1,repository-square,863.300000
SAMPLE,miller+final,2,1,gaussian-scaled4,860.100000
SAMPLE,miller+final,2,1,cubic-scaled2,848.800000
SAMPLE,miller+final,2,1,fft4-scaled4,843.600000
SAMPLE,miller+final,2,2,repository-square,855.666667
SAMPLE,miller+final,2,2,gaussian-scaled4,853.933333
SAMPLE,miller+final,2,2,cubic-scaled2,846.533333
SAMPLE,miller+final,2,2,fft4-scaled4,850.133333
SAMPLE,miller+final,2,3,repository-square,872.133333
SAMPLE,miller+final,2,3,gaussian-scaled4,833.133333
SAMPLE,miller+final,2,3,cubic-scaled2,857.200000
SAMPLE,miller+final,2,3,fft4-scaled4,833.966667
SAMPLE,miller+final,2,4,repository-square,850.100000
SAMPLE,miller+final,2,4,gaussian-scaled4,855.900000
SAMPLE,miller+final,2,4,cubic-scaled2,855.566667
SAMPLE,miller+final,2,4,fft4-scaled4,854.700000
SAMPLE,miller+final,2,5,repository-square,860.800000
SAMPLE,miller+final,2,5,gaussian-scaled4,876.066667
SAMPLE,miller+final,2,5,cubic-scaled2,867.266667
SAMPLE,miller+final,2,5,fft4-scaled4,876.300000
SAMPLE,miller+final,2,6,repository-square,884.100000
SAMPLE,miller+final,2,6,gaussian-scaled4,874.133333
SAMPLE,miller+final,2,6,cubic-scaled2,849.800000
SAMPLE,miller+final,2,6,fft4-scaled4,842.066667
SAMPLE,miller+final,2,7,repository-square,852.666667
SAMPLE,miller+final,2,7,gaussian-scaled4,858.900000
SAMPLE,miller+final,2,7,cubic-scaled2,852.533333
SAMPLE,miller+final,2,7,fft4-scaled4,849.766667
SAMPLE,miller+final,2,8,repository-square,846.966667
SAMPLE,miller+final,2,8,gaussian-scaled4,855.500000
SAMPLE,miller+final,2,8,cubic-scaled2,842.533333
SAMPLE,miller+final,2,8,fft4-scaled4,851.733333
SAMPLE,miller+final,2,9,repository-square,846.933333
SAMPLE,miller+final,2,9,gaussian-scaled4,842.266667
SAMPLE,miller+final,2,9,cubic-scaled2,848.500000
SAMPLE,miller+final,2,9,fft4-scaled4,866.366667
SAMPLE,miller+final,2,10,repository-square,856.066667
SAMPLE,miller+final,2,10,gaussian-scaled4,842.000000
SAMPLE,miller+final,2,10,cubic-scaled2,844.433333
SAMPLE,miller+final,2,10,fft4-scaled4,831.966667
SAMPLE,miller+final,2,11,repository-square,855.666667
SAMPLE,miller+final,2,11,gaussian-scaled4,855.166667
SAMPLE,miller+final,2,11,cubic-scaled2,840.933333
SAMPLE,miller+final,2,11,fft4-scaled4,849.900000
SAMPLE,miller+final,2,12,repository-square,860.033333
SAMPLE,miller+final,2,12,gaussian-scaled4,843.600000
SAMPLE,miller+final,2,12,cubic-scaled2,855.766667
SAMPLE,miller+final,2,12,fft4-scaled4,834.933333
SAMPLE,miller+final,2,13,repository-square,860.633333
SAMPLE,miller+final,2,13,gaussian-scaled4,855.766667
SAMPLE,miller+final,2,13,cubic-scaled2,838.333333
SAMPLE,miller+final,2,13,fft4-scaled4,836.966667
SAMPLE,miller+final,2,14,repository-square,850.566667
SAMPLE,miller+final,2,14,gaussian-scaled4,848.966667
SAMPLE,miller+final,2,14,cubic-scaled2,823.833333
SAMPLE,miller+final,2,14,fft4-scaled4,851.900000
SAMPLE,miller+final,2,15,repository-square,866.500000
SAMPLE,miller+final,2,15,gaussian-scaled4,847.233333
SAMPLE,miller+final,2,15,cubic-scaled2,861.433333
SAMPLE,miller+final,2,15,fft4-scaled4,836.433333
SAMPLE,miller+final,2,16,repository-square,848.766667
SAMPLE,miller+final,2,16,gaussian-scaled4,862.866667
SAMPLE,miller+final,2,16,cubic-scaled2,843.066667
SAMPLE,miller+final,2,16,fft4-scaled4,850.400000
SAMPLE,miller+final,2,17,repository-square,859.733333
SAMPLE,miller+final,2,17,gaussian-scaled4,851.366667
SAMPLE,miller+final,2,17,cubic-scaled2,865.466667
SAMPLE,miller+final,2,17,fft4-scaled4,844.166667
SAMPLE,miller+final,2,18,repository-square,869.833333
SAMPLE,miller+final,2,18,gaussian-scaled4,831.300000
SAMPLE,miller+final,2,18,cubic-scaled2,847.833333
SAMPLE,miller+final,2,18,fft4-scaled4,840.466667
SAMPLE,miller+final,2,19,repository-square,886.300000
SAMPLE,miller+final,2,19,gaussian-scaled4,884.833333
SAMPLE,miller+final,2,19,cubic-scaled2,850.866667
SAMPLE,miller+final,2,19,fft4-scaled4,871.366667
SAMPLE,miller+final,2,20,repository-square,876.100000
SAMPLE,miller+final,2,20,gaussian-scaled4,859.433333
SAMPLE,miller+final,2,20,cubic-scaled2,858.266667
SAMPLE,miller+final,2,20,fft4-scaled4,842.466667
SAMPLE,miller+final,2,21,repository-square,849.033333
SAMPLE,miller+final,2,21,gaussian-scaled4,859.200000
SAMPLE,miller+final,2,21,cubic-scaled2,857.533333
SAMPLE,miller+final,2,21,fft4-scaled4,851.466667
SAMPLE,miller+final,2,22,repository-square,855.266667
SAMPLE,miller+final,2,22,gaussian-scaled4,844.733333
SAMPLE,miller+final,2,22,cubic-scaled2,839.533333
SAMPLE,miller+final,2,22,fft4-scaled4,863.766667
SAMPLE,miller+final,2,23,repository-square,878.633333
SAMPLE,miller+final,2,23,gaussian-scaled4,851.766667
SAMPLE,miller+final,2,23,cubic-scaled2,854.133333
SAMPLE,miller+final,2,23,fft4-scaled4,830.966667
SAMPLE,miller+final,2,24,repository-square,863.666667
SAMPLE,miller+final,2,24,gaussian-scaled4,836.133333
SAMPLE,miller+final,2,24,cubic-scaled2,860.666667
SAMPLE,miller+final,2,24,fft4-scaled4,854.933333
SAMPLE,miller+final,2,25,repository-square,862.933333
SAMPLE,miller+final,2,25,gaussian-scaled4,858.666667
SAMPLE,miller+final,2,25,cubic-scaled2,858.600000
SAMPLE,miller+final,2,25,fft4-scaled4,839.733333
SAMPLE,miller+final,2,26,repository-square,861.566667
SAMPLE,miller+final,2,26,gaussian-scaled4,846.800000
SAMPLE,miller+final,2,26,cubic-scaled2,835.500000
SAMPLE,miller+final,2,26,fft4-scaled4,863.633333
SAMPLE,miller+final,2,27,repository-square,835.133333
SAMPLE,miller+final,2,27,gaussian-scaled4,840.200000
SAMPLE,miller+final,2,27,cubic-scaled2,850.133333
SAMPLE,miller+final,2,27,fft4-scaled4,845.200000
SAMPLE,miller+final,2,28,repository-square,856.333333
SAMPLE,miller+final,2,28,gaussian-scaled4,855.466667
SAMPLE,miller+final,2,28,cubic-scaled2,832.366667
SAMPLE,miller+final,2,28,fft4-scaled4,853.833333
SAMPLE,miller+final,2,29,repository-square,875.300000
SAMPLE,miller+final,2,29,gaussian-scaled4,843.933333
SAMPLE,miller+final,2,29,cubic-scaled2,856.466667
SAMPLE,miller+final,2,29,fft4-scaled4,836.366667
SAMPLE,miller+final,2,30,repository-square,858.333333
SAMPLE,miller+final,2,30,gaussian-scaled4,849.933333
SAMPLE,miller+final,2,30,cubic-scaled2,842.133333
SAMPLE,miller+final,2,30,fft4-scaled4,852.300000
BENCH miller+final n=2 repository-square median=860.033 us min=835.133 max=886.300
BENCH miller+final n=2 gaussian-scaled4 median=851.767 us min=831.300 max=884.833
BENCH miller+final n=2 cubic-scaled2 median=850.133 us min=823.833 max=867.267
BENCH miller+final n=2 fft4-scaled4 median=849.767 us min=830.967 max=876.300
SAMPLE,miller,8,0,repository-square,1128.666667
SAMPLE,miller,8,0,gaussian-scaled4,1118.466667
SAMPLE,miller,8,0,cubic-scaled2,1135.266667
SAMPLE,miller,8,0,fft4-scaled4,1120.400000
SAMPLE,miller,8,1,repository-square,1122.033333
SAMPLE,miller,8,1,gaussian-scaled4,1132.633333
SAMPLE,miller,8,1,cubic-scaled2,1136.200000
SAMPLE,miller,8,1,fft4-scaled4,1117.800000
SAMPLE,miller,8,2,repository-square,1137.433333
SAMPLE,miller,8,2,gaussian-scaled4,1143.566667
SAMPLE,miller,8,2,cubic-scaled2,1157.366667
SAMPLE,miller,8,2,fft4-scaled4,1160.566667
SAMPLE,miller,8,3,repository-square,1143.600000
SAMPLE,miller,8,3,gaussian-scaled4,1132.566667
SAMPLE,miller,8,3,cubic-scaled2,1123.866667
SAMPLE,miller,8,3,fft4-scaled4,1129.600000
SAMPLE,miller,8,4,repository-square,1152.200000
SAMPLE,miller,8,4,gaussian-scaled4,1136.500000
SAMPLE,miller,8,4,cubic-scaled2,1139.800000
SAMPLE,miller,8,4,fft4-scaled4,1145.333333
SAMPLE,miller,8,5,repository-square,1153.400000
SAMPLE,miller,8,5,gaussian-scaled4,1123.066667
SAMPLE,miller,8,5,cubic-scaled2,1133.333333
SAMPLE,miller,8,5,fft4-scaled4,1122.566667
SAMPLE,miller,8,6,repository-square,1189.333333
SAMPLE,miller,8,6,gaussian-scaled4,1150.700000
SAMPLE,miller,8,6,cubic-scaled2,1147.866667
SAMPLE,miller,8,6,fft4-scaled4,1145.766667
SAMPLE,miller,8,7,repository-square,1138.566667
SAMPLE,miller,8,7,gaussian-scaled4,1127.500000
SAMPLE,miller,8,7,cubic-scaled2,1126.333333
SAMPLE,miller,8,7,fft4-scaled4,1147.300000
SAMPLE,miller,8,8,repository-square,1149.466667
SAMPLE,miller,8,8,gaussian-scaled4,1129.133333
SAMPLE,miller,8,8,cubic-scaled2,1108.966667
SAMPLE,miller,8,8,fft4-scaled4,1135.166667
SAMPLE,miller,8,9,repository-square,1143.566667
SAMPLE,miller,8,9,gaussian-scaled4,1129.733333
SAMPLE,miller,8,9,cubic-scaled2,1108.700000
SAMPLE,miller,8,9,fft4-scaled4,1129.566667
SAMPLE,miller,8,10,repository-square,1180.900000
SAMPLE,miller,8,10,gaussian-scaled4,1130.766667
SAMPLE,miller,8,10,cubic-scaled2,1157.966667
SAMPLE,miller,8,10,fft4-scaled4,1142.900000
SAMPLE,miller,8,11,repository-square,1146.766667
SAMPLE,miller,8,11,gaussian-scaled4,1129.900000
SAMPLE,miller,8,11,cubic-scaled2,1131.933333
SAMPLE,miller,8,11,fft4-scaled4,1141.500000
SAMPLE,miller,8,12,repository-square,1155.700000
SAMPLE,miller,8,12,gaussian-scaled4,1154.100000
SAMPLE,miller,8,12,cubic-scaled2,1129.966667
SAMPLE,miller,8,12,fft4-scaled4,1145.466667
SAMPLE,miller,8,13,repository-square,1122.433333
SAMPLE,miller,8,13,gaussian-scaled4,1105.400000
SAMPLE,miller,8,13,cubic-scaled2,1126.766667
SAMPLE,miller,8,13,fft4-scaled4,1124.966667
SAMPLE,miller,8,14,repository-square,1142.533333
SAMPLE,miller,8,14,gaussian-scaled4,1140.300000
SAMPLE,miller,8,14,cubic-scaled2,1129.966667
SAMPLE,miller,8,14,fft4-scaled4,1107.866667
SAMPLE,miller,8,15,repository-square,1135.433333
SAMPLE,miller,8,15,gaussian-scaled4,1118.866667
SAMPLE,miller,8,15,cubic-scaled2,1118.933333
SAMPLE,miller,8,15,fft4-scaled4,1124.066667
SAMPLE,miller,8,16,repository-square,1122.666667
SAMPLE,miller,8,16,gaussian-scaled4,1129.800000
SAMPLE,miller,8,16,cubic-scaled2,1129.900000
SAMPLE,miller,8,16,fft4-scaled4,1129.500000
SAMPLE,miller,8,17,repository-square,1132.166667
SAMPLE,miller,8,17,gaussian-scaled4,1134.200000
SAMPLE,miller,8,17,cubic-scaled2,1144.266667
SAMPLE,miller,8,17,fft4-scaled4,1118.700000
SAMPLE,miller,8,18,repository-square,1135.433333
SAMPLE,miller,8,18,gaussian-scaled4,1135.066667
SAMPLE,miller,8,18,cubic-scaled2,1144.933333
SAMPLE,miller,8,18,fft4-scaled4,1123.466667
SAMPLE,miller,8,19,repository-square,1144.166667
SAMPLE,miller,8,19,gaussian-scaled4,1119.266667
SAMPLE,miller,8,19,cubic-scaled2,1143.666667
SAMPLE,miller,8,19,fft4-scaled4,1119.233333
SAMPLE,miller,8,20,repository-square,1146.500000
SAMPLE,miller,8,20,gaussian-scaled4,1123.166667
SAMPLE,miller,8,20,cubic-scaled2,1147.066667
SAMPLE,miller,8,20,fft4-scaled4,1131.200000
SAMPLE,miller,8,21,repository-square,1152.800000
SAMPLE,miller,8,21,gaussian-scaled4,1131.966667
SAMPLE,miller,8,21,cubic-scaled2,1119.666667
SAMPLE,miller,8,21,fft4-scaled4,1141.866667
SAMPLE,miller,8,22,repository-square,1151.733333
SAMPLE,miller,8,22,gaussian-scaled4,1127.600000
SAMPLE,miller,8,22,cubic-scaled2,1129.333333
SAMPLE,miller,8,22,fft4-scaled4,1141.800000
SAMPLE,miller,8,23,repository-square,1148.966667
SAMPLE,miller,8,23,gaussian-scaled4,1128.800000
SAMPLE,miller,8,23,cubic-scaled2,1112.433333
SAMPLE,miller,8,23,fft4-scaled4,1141.066667
SAMPLE,miller,8,24,repository-square,1154.500000
SAMPLE,miller,8,24,gaussian-scaled4,1133.233333
SAMPLE,miller,8,24,cubic-scaled2,1144.200000
SAMPLE,miller,8,24,fft4-scaled4,1171.300000
SAMPLE,miller,8,25,repository-square,1152.600000
SAMPLE,miller,8,25,gaussian-scaled4,1140.433333
SAMPLE,miller,8,25,cubic-scaled2,1133.333333
SAMPLE,miller,8,25,fft4-scaled4,1141.200000
SAMPLE,miller,8,26,repository-square,1188.733333
SAMPLE,miller,8,26,gaussian-scaled4,1168.200000
SAMPLE,miller,8,26,cubic-scaled2,1145.000000
SAMPLE,miller,8,26,fft4-scaled4,1142.933333
SAMPLE,miller,8,27,repository-square,1137.633333
SAMPLE,miller,8,27,gaussian-scaled4,1138.666667
SAMPLE,miller,8,27,cubic-scaled2,1146.433333
SAMPLE,miller,8,27,fft4-scaled4,1153.300000
SAMPLE,miller,8,28,repository-square,1152.433333
SAMPLE,miller,8,28,gaussian-scaled4,1120.466667
SAMPLE,miller,8,28,cubic-scaled2,1131.033333
SAMPLE,miller,8,28,fft4-scaled4,1128.100000
SAMPLE,miller,8,29,repository-square,1137.066667
SAMPLE,miller,8,29,gaussian-scaled4,1120.133333
SAMPLE,miller,8,29,cubic-scaled2,1111.433333
SAMPLE,miller,8,29,fft4-scaled4,1131.933333
SAMPLE,miller,8,30,repository-square,1136.633333
SAMPLE,miller,8,30,gaussian-scaled4,1174.400000
SAMPLE,miller,8,30,cubic-scaled2,1114.366667
SAMPLE,miller,8,30,fft4-scaled4,1138.033333
BENCH miller n=8 repository-square median=1144.167 us min=1122.033 max=1189.333
BENCH miller n=8 gaussian-scaled4 median=1130.767 us min=1105.400 max=1174.400
BENCH miller n=8 cubic-scaled2 median=1131.933 us min=1108.700 max=1157.967
BENCH miller n=8 fft4-scaled4 median=1135.167 us min=1107.867 max=1171.300
SAMPLE,miller+final,8,0,repository-square,1611.400000
SAMPLE,miller+final,8,0,gaussian-scaled4,1593.066667
SAMPLE,miller+final,8,0,cubic-scaled2,1620.400000
SAMPLE,miller+final,8,0,fft4-scaled4,1620.166667
SAMPLE,miller+final,8,1,repository-square,1606.000000
SAMPLE,miller+final,8,1,gaussian-scaled4,1593.733333
SAMPLE,miller+final,8,1,cubic-scaled2,1617.366667
SAMPLE,miller+final,8,1,fft4-scaled4,1596.233333
SAMPLE,miller+final,8,2,repository-square,1610.866667
SAMPLE,miller+final,8,2,gaussian-scaled4,1609.233333
SAMPLE,miller+final,8,2,cubic-scaled2,1614.000000
SAMPLE,miller+final,8,2,fft4-scaled4,1588.733333
SAMPLE,miller+final,8,3,repository-square,1596.133333
SAMPLE,miller+final,8,3,gaussian-scaled4,1596.533333
SAMPLE,miller+final,8,3,cubic-scaled2,1605.233333
SAMPLE,miller+final,8,3,fft4-scaled4,1582.133333
SAMPLE,miller+final,8,4,repository-square,1641.600000
SAMPLE,miller+final,8,4,gaussian-scaled4,1599.866667
SAMPLE,miller+final,8,4,cubic-scaled2,1589.733333
SAMPLE,miller+final,8,4,fft4-scaled4,1592.600000
SAMPLE,miller+final,8,5,repository-square,1661.266667
SAMPLE,miller+final,8,5,gaussian-scaled4,1596.400000
SAMPLE,miller+final,8,5,cubic-scaled2,1625.566667
SAMPLE,miller+final,8,5,fft4-scaled4,1630.266667
SAMPLE,miller+final,8,6,repository-square,1633.633333
SAMPLE,miller+final,8,6,gaussian-scaled4,1611.633333
SAMPLE,miller+final,8,6,cubic-scaled2,1648.100000
SAMPLE,miller+final,8,6,fft4-scaled4,1631.666667
SAMPLE,miller+final,8,7,repository-square,1612.533333
SAMPLE,miller+final,8,7,gaussian-scaled4,1591.500000
SAMPLE,miller+final,8,7,cubic-scaled2,1600.100000
SAMPLE,miller+final,8,7,fft4-scaled4,1606.333333
SAMPLE,miller+final,8,8,repository-square,1604.433333
SAMPLE,miller+final,8,8,gaussian-scaled4,1612.800000
SAMPLE,miller+final,8,8,cubic-scaled2,1648.566667
SAMPLE,miller+final,8,8,fft4-scaled4,1618.366667
SAMPLE,miller+final,8,9,repository-square,1605.700000
SAMPLE,miller+final,8,9,gaussian-scaled4,1597.833333
SAMPLE,miller+final,8,9,cubic-scaled2,1643.233333
SAMPLE,miller+final,8,9,fft4-scaled4,1600.133333
SAMPLE,miller+final,8,10,repository-square,1627.800000
SAMPLE,miller+final,8,10,gaussian-scaled4,1605.566667
SAMPLE,miller+final,8,10,cubic-scaled2,1601.533333
SAMPLE,miller+final,8,10,fft4-scaled4,1601.266667
SAMPLE,miller+final,8,11,repository-square,1618.533333
SAMPLE,miller+final,8,11,gaussian-scaled4,1586.233333
SAMPLE,miller+final,8,11,cubic-scaled2,1602.033333
SAMPLE,miller+final,8,11,fft4-scaled4,1589.466667
SAMPLE,miller+final,8,12,repository-square,1615.000000
SAMPLE,miller+final,8,12,gaussian-scaled4,1606.366667
SAMPLE,miller+final,8,12,cubic-scaled2,1634.766667
SAMPLE,miller+final,8,12,fft4-scaled4,1597.533333
SAMPLE,miller+final,8,13,repository-square,1625.333333
SAMPLE,miller+final,8,13,gaussian-scaled4,1614.333333
SAMPLE,miller+final,8,13,cubic-scaled2,1633.400000
SAMPLE,miller+final,8,13,fft4-scaled4,1621.366667
SAMPLE,miller+final,8,14,repository-square,1626.466667
SAMPLE,miller+final,8,14,gaussian-scaled4,1594.633333
SAMPLE,miller+final,8,14,cubic-scaled2,1607.666667
SAMPLE,miller+final,8,14,fft4-scaled4,1601.400000
SAMPLE,miller+final,8,15,repository-square,1640.733333
SAMPLE,miller+final,8,15,gaussian-scaled4,1635.166667
SAMPLE,miller+final,8,15,cubic-scaled2,1615.533333
SAMPLE,miller+final,8,15,fft4-scaled4,1617.433333
SAMPLE,miller+final,8,16,repository-square,1600.000000
SAMPLE,miller+final,8,16,gaussian-scaled4,1592.666667
SAMPLE,miller+final,8,16,cubic-scaled2,1608.333333
SAMPLE,miller+final,8,16,fft4-scaled4,1603.733333
SAMPLE,miller+final,8,17,repository-square,1606.933333
SAMPLE,miller+final,8,17,gaussian-scaled4,1596.633333
SAMPLE,miller+final,8,17,cubic-scaled2,1598.333333
SAMPLE,miller+final,8,17,fft4-scaled4,1601.600000
SAMPLE,miller+final,8,18,repository-square,1604.500000
SAMPLE,miller+final,8,18,gaussian-scaled4,1600.133333
SAMPLE,miller+final,8,18,cubic-scaled2,1604.766667
SAMPLE,miller+final,8,18,fft4-scaled4,1595.700000
SAMPLE,miller+final,8,19,repository-square,1600.566667
SAMPLE,miller+final,8,19,gaussian-scaled4,1594.666667
SAMPLE,miller+final,8,19,cubic-scaled2,1571.900000
SAMPLE,miller+final,8,19,fft4-scaled4,1580.466667
SAMPLE,miller+final,8,20,repository-square,1609.766667
SAMPLE,miller+final,8,20,gaussian-scaled4,1601.866667
SAMPLE,miller+final,8,20,cubic-scaled2,1593.466667
SAMPLE,miller+final,8,20,fft4-scaled4,1609.800000
SAMPLE,miller+final,8,21,repository-square,1592.066667
SAMPLE,miller+final,8,21,gaussian-scaled4,1606.866667
SAMPLE,miller+final,8,21,cubic-scaled2,1612.433333
SAMPLE,miller+final,8,21,fft4-scaled4,1562.066667
SAMPLE,miller+final,8,22,repository-square,1608.400000
SAMPLE,miller+final,8,22,gaussian-scaled4,1650.566667
SAMPLE,miller+final,8,22,cubic-scaled2,1582.000000
SAMPLE,miller+final,8,22,fft4-scaled4,1585.466667
SAMPLE,miller+final,8,23,repository-square,1614.033333
SAMPLE,miller+final,8,23,gaussian-scaled4,1643.600000
SAMPLE,miller+final,8,23,cubic-scaled2,1658.600000
SAMPLE,miller+final,8,23,fft4-scaled4,1610.033333
SAMPLE,miller+final,8,24,repository-square,1644.800000
SAMPLE,miller+final,8,24,gaussian-scaled4,1641.533333
SAMPLE,miller+final,8,24,cubic-scaled2,1616.300000
SAMPLE,miller+final,8,24,fft4-scaled4,1598.100000
SAMPLE,miller+final,8,25,repository-square,1616.100000
SAMPLE,miller+final,8,25,gaussian-scaled4,1653.033333
SAMPLE,miller+final,8,25,cubic-scaled2,1598.366667
SAMPLE,miller+final,8,25,fft4-scaled4,1598.466667
SAMPLE,miller+final,8,26,repository-square,1596.433333
SAMPLE,miller+final,8,26,gaussian-scaled4,1614.700000
SAMPLE,miller+final,8,26,cubic-scaled2,1612.166667
SAMPLE,miller+final,8,26,fft4-scaled4,1632.933333
SAMPLE,miller+final,8,27,repository-square,1654.233333
SAMPLE,miller+final,8,27,gaussian-scaled4,1661.033333
SAMPLE,miller+final,8,27,cubic-scaled2,1631.600000
SAMPLE,miller+final,8,27,fft4-scaled4,1684.100000
SAMPLE,miller+final,8,28,repository-square,1653.066667
SAMPLE,miller+final,8,28,gaussian-scaled4,2015.366667
SAMPLE,miller+final,8,28,cubic-scaled2,1674.366667
SAMPLE,miller+final,8,28,fft4-scaled4,1636.633333
SAMPLE,miller+final,8,29,repository-square,1610.366667
SAMPLE,miller+final,8,29,gaussian-scaled4,1603.766667
SAMPLE,miller+final,8,29,cubic-scaled2,1613.466667
SAMPLE,miller+final,8,29,fft4-scaled4,1607.700000
SAMPLE,miller+final,8,30,repository-square,1599.300000
SAMPLE,miller+final,8,30,gaussian-scaled4,1588.766667
SAMPLE,miller+final,8,30,cubic-scaled2,1603.333333
SAMPLE,miller+final,8,30,fft4-scaled4,1589.700000
BENCH miller+final n=8 repository-square median=1611.400 us min=1592.067 max=1661.267
BENCH miller+final n=8 gaussian-scaled4 median=1603.767 us min=1586.233 max=2015.367
BENCH miller+final n=8 cubic-scaled2 median=1612.433 us min=1571.900 max=1674.367
BENCH miller+final n=8 fft4-scaled4 median=1601.400 us min=1562.067 max=1684.100
